[0.010s] Invoking command in '/home/yalcinolgac/ros2_ws/build/day8': CMAKE_PREFIX_PATH=${CMAKE_PREFIX_PATH}:/opt/ros/jazzy DEBUGINFOD_URLS=https://debuginfod.ubuntu.com /usr/bin/cmake /home/yalcinolgac/ros2_ws/src/day8 -DAMENT_CMAKE_SYMLINK_INSTALL=1 -DCMAKE_INSTALL_PREFIX=/home/yalcinolgac/ros2_ws/install/day8
[0.139s] -- The C compiler identification is GNU 13.3.0
[0.211s] -- The CXX compiler identification is GNU 13.3.0
[0.226s] -- Detecting C compiler ABI info
[0.282s] -- Detecting C compiler ABI info - done
[0.287s] -- Check for working C compiler: /usr/bin/cc - skipped
[0.287s] -- Detecting C compile features
[0.288s] -- Detecting C compile features - done
[0.295s] -- Detecting CXX compiler ABI info
[0.352s] -- Detecting CXX compiler ABI info - done
[0.356s] -- Check for working CXX compiler: /usr/bin/c++ - skipped
[0.356s] -- Detecting CXX compile features
[0.356s] -- Detecting CXX compile features - done
[0.380s] -- Found ament_cmake: 2.5.4 (/opt/ros/jazzy/share/ament_cmake/cmake)
[0.468s] -- Found Python3: /usr/bin/python3 (found version "3.12.3") found components: Interpreter 
[0.523s] -- Override CMake install command with custom implementation using symlinks instead of copying resources
[0.569s] -- Found rclcpp: 28.1.9 (/opt/ros/jazzy/share/rclcpp/cmake)
[0.629s] -- Found rosidl_generator_c: 4.6.5 (/opt/ros/jazzy/share/rosidl_generator_c/cmake)
[0.644s] -- Found rosidl_generator_cpp: 4.6.5 (/opt/ros/jazzy/share/rosidl_generator_cpp/cmake)
[0.666s] -- Using all available rosidl_typesupport_c: rosidl_typesupport_fastrtps_c;rosidl_typesupport_introspection_c
[0.685s] -- Using all available rosidl_typesupport_cpp: rosidl_typesupport_fastrtps_cpp;rosidl_typesupport_introspection_cpp
[0.758s] -- Found rmw_implementation_cmake: 7.3.2 (/opt/ros/jazzy/share/rmw_implementation_cmake/cmake)
[0.762s] -- Found rmw_fastrtps_cpp: 8.4.2 (/opt/ros/jazzy/share/rmw_fastrtps_cpp/cmake)
[0.835s] -- Found OpenSSL: /usr/lib/x86_64-linux-gnu/libcrypto.so (found version "3.0.13")  
[0.849s] -- Found FastRTPS: /opt/ros/jazzy/include (Required is at least version "2.13") 
[0.862s] -- Using RMW implementation 'rmw_fastrtps_cpp' as default
[0.929s] -- Found rclpy: 7.1.4 (/opt/ros/jazzy/share/rclpy/cmake)
[0.933s] -- Found urdf: 2.10.0 (/opt/ros/jazzy/share/urdf/cmake)
[0.966s] -- Found xacro: 2.0.13 (/opt/ros/jazzy/share/xacro/cmake)
[0.969s] -- Found robot_state_publisher: 3.3.3 (/opt/ros/jazzy/share/robot_state_publisher/cmake)
[1.172s] CMake Error at CMakeLists.txt:16 (find_package):
[1.172s]   By not providing "Findjoint_state_publisher.cmake" in CMAKE_MODULE_PATH
[1.172s]   this project has asked CMake to find a package configuration file provided
[1.172s]   by "joint_state_publisher", but CMake did not find one.
[1.172s] 
[1.172s]   Could not find a package configuration file provided by
[1.172s]   "joint_state_publisher" with any of the following names:
[1.172s] 
[1.172s]     joint_state_publisherConfig.cmake
[1.172s]     joint_state_publisher-config.cmake
[1.172s] 
[1.172s]   Add the installation prefix of "joint_state_publisher" to CMAKE_PREFIX_PATH
[1.172s]   or set "joint_state_publisher_DIR" to a directory containing one of the
[1.172s]   above files.  If "joint_state_publisher" provides a separate development
[1.172s]   package or SDK, be sure it has been installed.
[1.172s] 
[1.172s] 
[1.172s] -- Configuring incomplete, errors occurred!
[1.177s] Invoked command in '/home/yalcinolgac/ros2_ws/build/day8' returned '1': CMAKE_PREFIX_PATH=${CMAKE_PREFIX_PATH}:/opt/ros/jazzy DEBUGINFOD_URLS=https://debuginfod.ubuntu.com /usr/bin/cmake /home/yalcinolgac/ros2_ws/src/day8 -DAMENT_CMAKE_SYMLINK_INSTALL=1 -DCMAKE_INSTALL_PREFIX=/home/yalcinolgac/ros2_ws/install/day8
