[0.010s] Invoking command in '/home/yalcinolgac/ros2_ws/build/day7': CMAKE_PREFIX_PATH=${CMAKE_PREFIX_PATH}:/opt/ros/jazzy DEBUGINFOD_URLS=https://debuginfod.ubuntu.com /usr/bin/cmake /home/yalcinolgac/ros2_ws/src/day7 -DCMAKE_INSTALL_PREFIX=/home/yalcinolgac/ros2_ws/install/day7
[0.125s] -- The C compiler identification is GNU 13.3.0
[0.189s] -- The CXX compiler identification is GNU 13.3.0
[0.204s] -- Detecting C compiler ABI info
[0.258s] -- Detecting C compiler ABI info - done
[0.262s] -- Check for working C compiler: /usr/bin/cc - skipped
[0.263s] -- Detecting C compile features
[0.263s] -- Detecting C compile features - done
[0.269s] -- Detecting CXX compiler ABI info
[0.319s] -- Detecting CXX compiler ABI info - done
[0.323s] -- Check for working CXX compiler: /usr/bin/c++ - skipped
[0.323s] -- Detecting CXX compile features
[0.324s] -- Detecting CXX compile features - done
[0.353s] -- Found ament_cmake: 2.5.4 (/opt/ros/jazzy/share/ament_cmake/cmake)
[0.437s] -- Found Python3: /usr/bin/python3 (found version "3.12.3") found components: Interpreter 
[0.528s] -- Found rclcpp: 28.1.9 (/opt/ros/jazzy/share/rclcpp/cmake)
[0.585s] -- Found rosidl_generator_c: 4.6.5 (/opt/ros/jazzy/share/rosidl_generator_c/cmake)
[0.598s] -- Found rosidl_generator_cpp: 4.6.5 (/opt/ros/jazzy/share/rosidl_generator_cpp/cmake)
[0.618s] -- Using all available rosidl_typesupport_c: rosidl_typesupport_fastrtps_c;rosidl_typesupport_introspection_c
[0.635s] -- Using all available rosidl_typesupport_cpp: rosidl_typesupport_fastrtps_cpp;rosidl_typesupport_introspection_cpp
[0.705s] -- Found rmw_implementation_cmake: 7.3.2 (/opt/ros/jazzy/share/rmw_implementation_cmake/cmake)
[0.708s] -- Found rmw_fastrtps_cpp: 8.4.2 (/opt/ros/jazzy/share/rmw_fastrtps_cpp/cmake)
[0.774s] -- Found OpenSSL: /usr/lib/x86_64-linux-gnu/libcrypto.so (found version "3.0.13")  
[0.787s] -- Found FastRTPS: /opt/ros/jazzy/include (Required is at least version "2.13") 
[0.800s] -- Using RMW implementation 'rmw_fastrtps_cpp' as default
[0.862s] -- Found std_msgs: 5.3.6 (/opt/ros/jazzy/share/std_msgs/cmake)
[0.874s] -- Found geometry_msgs: 5.3.6 (/opt/ros/jazzy/share/geometry_msgs/cmake)
[0.888s] -- Found ros_gz_sim: 1.0.12 (/opt/ros/jazzy/share/ros_gz_sim/cmake)
[1.000s] -- Found ros_gz_bridge: 1.0.12 (/opt/ros/jazzy/share/ros_gz_bridge/cmake)
[1.023s] -- Looking for gz-msgs10 -- found version 10.3.2
[1.032s] -- Searching for dependencies of gz-msgs10
[1.135s] -- Found Protobuf: /usr/lib/x86_64-linux-gnu/libprotobuf.so (found version "3.21.12") 
[1.137s] -- Looking for gz-utils2 -- found version 2.2.1
[1.137s] -- Searching for dependencies of gz-utils2
[1.139s] -- Looking for gz-math7 -- found version 7.5.2
[1.140s] -- Searching for dependencies of gz-math7
[1.140s] -- Looking for gz-utils2 -- found version 2.2.1
[1.143s] -- Checking for module 'tinyxml2'
[1.151s] --   Found tinyxml2, version 10.0.0
[1.176s] -- Looking for gz-transport13 -- found version 13.4.1
[1.176s] -- Searching for dependencies of gz-transport13
[1.208s] -- Config-file not installed for ZeroMQ -- checking for pkg-config
[1.211s] -- Checking for module 'libzmq >= 4'
[1.219s] --   Found libzmq, version 4.3.5
[1.242s] -- Found ZeroMQ: TRUE (Required is at least version "4") 
[1.246s] -- Checking for module 'uuid'
[1.254s] --   Found uuid, version 2.39.3
[1.270s] -- Found UUID: TRUE  
[1.271s] -- Looking for gz-utils2 -- found version 2.2.1
[1.271s] -- Searching for dependencies of gz-utils2
[1.271s] -- Searching for <gz-utils2> component [cli]
[1.273s] -- Looking for gz-utils2-cli -- found version 2.2.1
[1.273s] -- Searching for dependencies of gz-utils2-cli
[1.273s] -- Looking for gz-msgs10 -- found version 10.3.2
[1.410s] -- Found ament_lint_auto: 0.17.2 (/opt/ros/jazzy/share/ament_lint_auto/cmake)
[1.487s] -- Added test 'copyright' to check source files copyright and LICENSE
[1.489s] -- Added test 'flake8' to check Python code syntax and style conventions
[1.489s] -- Configured 'flake8' exclude dirs and/or files: 
[1.490s] -- Added test 'lint_cmake' to check CMake code style
[1.491s] -- Added test 'pep257' to check Python code against some of the docstring style conventions in PEP 257
[1.492s] -- Added test 'xmllint' to check XML markup files
[1.495s] -- Configuring done (1.5s)
[1.499s] -- Generating done (0.0s)
[1.503s] -- Build files have been written to: /home/yalcinolgac/ros2_ws/build/day7
[1.509s] Invoked command in '/home/yalcinolgac/ros2_ws/build/day7' returned '0': CMAKE_PREFIX_PATH=${CMAKE_PREFIX_PATH}:/opt/ros/jazzy DEBUGINFOD_URLS=https://debuginfod.ubuntu.com /usr/bin/cmake /home/yalcinolgac/ros2_ws/src/day7 -DCMAKE_INSTALL_PREFIX=/home/yalcinolgac/ros2_ws/install/day7
[1.510s] Invoking command in '/home/yalcinolgac/ros2_ws/build/day7': CMAKE_PREFIX_PATH=${CMAKE_PREFIX_PATH}:/opt/ros/jazzy DEBUGINFOD_URLS=https://debuginfod.ubuntu.com /usr/bin/cmake --build /home/yalcinolgac/ros2_ws/build/day7 -- -j32 -l32
[1.533s] Invoked command in '/home/yalcinolgac/ros2_ws/build/day7' returned '0': CMAKE_PREFIX_PATH=${CMAKE_PREFIX_PATH}:/opt/ros/jazzy DEBUGINFOD_URLS=https://debuginfod.ubuntu.com /usr/bin/cmake --build /home/yalcinolgac/ros2_ws/build/day7 -- -j32 -l32
[1.538s] Invoking command in '/home/yalcinolgac/ros2_ws/build/day7': CMAKE_PREFIX_PATH=${CMAKE_PREFIX_PATH}:/opt/ros/jazzy DEBUGINFOD_URLS=https://debuginfod.ubuntu.com /usr/bin/cmake --install /home/yalcinolgac/ros2_ws/build/day7
[1.542s] -- Install configuration: ""
[1.542s] -- Installing: /home/yalcinolgac/ros2_ws/install/day7/share/day7//worlds
[1.542s] -- Installing: /home/yalcinolgac/ros2_ws/install/day7/share/day7//worlds/first_world.sdf
[1.542s] -- Installing: /home/yalcinolgac/ros2_ws/install/day7/share/day7//models
[1.543s] -- Installing: /home/yalcinolgac/ros2_ws/install/day7/share/day7//launch
[1.543s] -- Installing: /home/yalcinolgac/ros2_ws/install/day7/share/day7//launch/first_world.py
[1.543s] -- Installing: /home/yalcinolgac/ros2_ws/install/day7/share/ament_index/resource_index/package_run_dependencies/day7
[1.544s] -- Installing: /home/yalcinolgac/ros2_ws/install/day7/share/ament_index/resource_index/parent_prefix_path/day7
[1.544s] -- Installing: /home/yalcinolgac/ros2_ws/install/day7/share/day7/environment/ament_prefix_path.sh
[1.544s] -- Installing: /home/yalcinolgac/ros2_ws/install/day7/share/day7/environment/ament_prefix_path.dsv
[1.544s] -- Installing: /home/yalcinolgac/ros2_ws/install/day7/share/day7/environment/path.sh
[1.544s] -- Installing: /home/yalcinolgac/ros2_ws/install/day7/share/day7/environment/path.dsv
[1.545s] -- Installing: /home/yalcinolgac/ros2_ws/install/day7/share/day7/local_setup.bash
[1.545s] -- Installing: /home/yalcinolgac/ros2_ws/install/day7/share/day7/local_setup.sh
[1.545s] -- Installing: /home/yalcinolgac/ros2_ws/install/day7/share/day7/local_setup.zsh
[1.545s] -- Installing: /home/yalcinolgac/ros2_ws/install/day7/share/day7/local_setup.dsv
[1.545s] -- Installing: /home/yalcinolgac/ros2_ws/install/day7/share/day7/package.dsv
[1.545s] -- Installing: /home/yalcinolgac/ros2_ws/install/day7/share/ament_index/resource_index/packages/day7
[1.545s] -- Installing: /home/yalcinolgac/ros2_ws/install/day7/share/day7/cmake/ament_cmake_export_dependencies-extras.cmake
[1.545s] -- Installing: /home/yalcinolgac/ros2_ws/install/day7/share/day7/cmake/day7Config.cmake
[1.546s] -- Installing: /home/yalcinolgac/ros2_ws/install/day7/share/day7/cmake/day7Config-version.cmake
[1.546s] -- Installing: /home/yalcinolgac/ros2_ws/install/day7/share/day7/package.xml
[1.547s] Invoked command in '/home/yalcinolgac/ros2_ws/build/day7' returned '0': CMAKE_PREFIX_PATH=${CMAKE_PREFIX_PATH}:/opt/ros/jazzy DEBUGINFOD_URLS=https://debuginfod.ubuntu.com /usr/bin/cmake --install /home/yalcinolgac/ros2_ws/build/day7
