[0.009s] Invoking command in '/home/yalcinolgac/ros2_ws/build/day5': CMAKE_PREFIX_PATH=${CMAKE_PREFIX_PATH}:/opt/ros/jazzy DEBUGINFOD_URLS=https://debuginfod.ubuntu.com /usr/bin/cmake /home/yalcinolgac/ros2_ws/src/day5 -DCMAKE_INSTALL_PREFIX=/home/yalcinolgac/ros2_ws/install/day5
[0.106s] -- The C compiler identification is GNU 13.3.0
[0.180s] -- The CXX compiler identification is GNU 13.3.0
[0.197s] -- Detecting C compiler ABI info
[0.254s] -- Detecting C compiler ABI info - done
[0.259s] -- Check for working C compiler: /usr/bin/cc - skipped
[0.260s] -- Detecting C compile features
[0.260s] -- Detecting C compile features - done
[0.268s] -- Detecting CXX compiler ABI info
[0.324s] -- Detecting CXX compiler ABI info - done
[0.329s] -- Check for working CXX compiler: /usr/bin/c++ - skipped
[0.329s] -- Detecting CXX compile features
[0.329s] -- Detecting CXX compile features - done
[0.339s] -- Found ament_cmake: 2.5.4 (/opt/ros/jazzy/share/ament_cmake/cmake)
[0.430s] -- Found Python3: /usr/bin/python3 (found version "3.12.3") found components: Interpreter 
[0.534s] -- Found rclcpp: 28.1.9 (/opt/ros/jazzy/share/rclcpp/cmake)
[0.586s] -- Found rosidl_generator_c: 4.6.5 (/opt/ros/jazzy/share/rosidl_generator_c/cmake)
[0.600s] -- Found rosidl_generator_cpp: 4.6.5 (/opt/ros/jazzy/share/rosidl_generator_cpp/cmake)
[0.618s] -- Using all available rosidl_typesupport_c: rosidl_typesupport_fastrtps_c;rosidl_typesupport_introspection_c
[0.636s] -- Using all available rosidl_typesupport_cpp: rosidl_typesupport_fastrtps_cpp;rosidl_typesupport_introspection_cpp
[0.712s] -- Found rmw_implementation_cmake: 7.3.2 (/opt/ros/jazzy/share/rmw_implementation_cmake/cmake)
[0.716s] -- Found rmw_fastrtps_cpp: 8.4.2 (/opt/ros/jazzy/share/rmw_fastrtps_cpp/cmake)
[0.790s] -- Found OpenSSL: /usr/lib/x86_64-linux-gnu/libcrypto.so (found version "3.0.13")  
[0.803s] -- Found FastRTPS: /opt/ros/jazzy/include (Required is at least version "2.13") 
[0.818s] -- Using RMW implementation 'rmw_fastrtps_cpp' as default
[0.881s] -- Found std_msgs: 5.3.6 (/opt/ros/jazzy/share/std_msgs/cmake)
[0.894s] -- Found geometry_msgs: 5.3.6 (/opt/ros/jazzy/share/geometry_msgs/cmake)
[0.909s] -- Found rclcpp_components: 28.1.9 (/opt/ros/jazzy/share/rclcpp_components/cmake)
[0.944s] -- Found ament_lint_auto: 0.17.2 (/opt/ros/jazzy/share/ament_lint_auto/cmake)
[1.024s] -- Added test 'copyright' to check source files copyright and LICENSE
[1.025s] -- Added test 'cppcheck' to perform static code analysis on C / C++ code
[1.025s] -- Configured cppcheck include dirs: 
[1.025s] -- Configured cppcheck exclude dirs and/or files: 
[1.026s] -- Added test 'cpplint' to check C / C++ code against the Google style
[1.026s] -- Configured cpplint exclude dirs and/or files: 
[1.027s] -- Added test 'flake8' to check Python code syntax and style conventions
[1.027s] -- Configured 'flake8' exclude dirs and/or files: 
[1.028s] -- Added test 'lint_cmake' to check CMake code style
[1.028s] -- Added test 'pep257' to check Python code against some of the docstring style conventions in PEP 257
[1.029s] -- Added test 'uncrustify' to check C / C++ code style
[1.029s] -- Configured uncrustify additional arguments: 
[1.030s] -- Added test 'xmllint' to check XML markup files
[1.032s] -- Configuring done (1.0s)
[1.035s] [31mCMake Error at CMakeLists.txt:45 (add_executable):
[1.035s]   Cannot find source file:
[1.035s] 
[1.035s]     src/parameter_subscriber.cpp
[1.035s] 
[1.035s]   Tried extensions .c .C .c++ .cc .cpp .cxx .cu .mpp .m .M .mm .ixx .cppm
[1.035s]   .ccm .cxxm .c++m .h .hh .h++ .hm .hpp .hxx .in .txx .f .F .for .f77 .f90
[1.035s]   .f95 .f03 .hip .ispc
[1.035s] 
[1.035s] [0m
[1.035s] [31mCMake Error at CMakeLists.txt:52 (add_executable):
[1.035s]   Cannot find source file:
[1.035s] 
[1.035s]     src/configurable_publisher.cpp
[1.035s] 
[1.035s]   Tried extensions .c .C .c++ .cc .cpp .cxx .cu .mpp .m .M .mm .ixx .cppm
[1.035s]   .ccm .cxxm .c++m .h .hh .h++ .hm .hpp .hxx .in .txx .f .F .for .f77 .f90
[1.035s]   .f95 .f03 .hip .ispc
[1.035s] 
[1.035s] [0m
[1.035s] [31mCMake Error at CMakeLists.txt:60 (add_executable):
[1.035s]   Cannot find source file:
[1.036s] 
[1.036s]     src/multi_node_example.cpp
[1.036s] 
[1.036s]   Tried extensions .c .C .c++ .cc .cpp .cxx .cu .mpp .m .M .mm .ixx .cppm
[1.036s]   .ccm .cxxm .c++m .h .hh .h++ .hm .hpp .hxx .in .txx .f .F .for .f77 .f90
[1.036s]   .f95 .f03 .hip .ispc
[1.036s] 
[1.036s] [0m
[1.036s] [31mCMake Error at CMakeLists.txt:45 (add_executable):
[1.036s]   No SOURCES given to target: parameter_subscriber
[1.036s] 
[1.036s] [0m
[1.036s] [31mCMake Error at CMakeLists.txt:52 (add_executable):
[1.036s]   No SOURCES given to target: configurable_publisher
[1.036s] 
[1.036s] [0m
[1.036s] [31mCMake Error at CMakeLists.txt:60 (add_executable):
[1.036s]   No SOURCES given to target: multi_node_example
[1.036s] 
[1.036s] [0m
[1.036s] [0mCMake Generate step failed.  Build files cannot be regenerated correctly.[0m
[1.042s] Invoked command in '/home/yalcinolgac/ros2_ws/build/day5' returned '1': CMAKE_PREFIX_PATH=${CMAKE_PREFIX_PATH}:/opt/ros/jazzy DEBUGINFOD_URLS=https://debuginfod.ubuntu.com /usr/bin/cmake /home/yalcinolgac/ros2_ws/src/day5 -DCMAKE_INSTALL_PREFIX=/home/yalcinolgac/ros2_ws/install/day5
