[0.007s] Invoking command in '/home/yalcinolgac/ros2_ws/build/day7': CMAKE_PREFIX_PATH=${CMAKE_PREFIX_PATH}:/opt/ros/jazzy DEBUGINFOD_URLS=https://debuginfod.ubuntu.com /usr/bin/cmake --build /home/yalcinolgac/ros2_ws/build/day7 -- -j32 -l32
[0.031s] Invoked command in '/home/yalcinolgac/ros2_ws/build/day7' returned '0': CMAKE_PREFIX_PATH=${CMAKE_PREFIX_PATH}:/opt/ros/jazzy DEBUGINFOD_URLS=https://debuginfod.ubuntu.com /usr/bin/cmake --build /home/yalcinolgac/ros2_ws/build/day7 -- -j32 -l32
[0.036s] Invoking command in '/home/yalcinolgac/ros2_ws/build/day7': CMAKE_PREFIX_PATH=${CMAKE_PREFIX_PATH}:/opt/ros/jazzy DEBUGINFOD_URLS=https://debuginfod.ubuntu.com /usr/bin/cmake --install /home/yalcinolgac/ros2_ws/build/day7
[0.040s] -- Install configuration: ""
[0.040s] -- Up-to-date: /home/yalcinolgac/ros2_ws/install/day7/share/day7//worlds
[0.041s] -- Up-to-date: /home/yalcinolgac/ros2_ws/install/day7/share/day7//worlds/first_world.sdf
[0.041s] -- Up-to-date: /home/yalcinolgac/ros2_ws/install/day7/share/day7//models
[0.041s] -- Up-to-date: /home/yalcinolgac/ros2_ws/install/day7/share/day7//launch
[0.041s] -- Installing: /home/yalcinolgac/ros2_ws/install/day7/share/day7//launch/first_world.py
[0.041s] -- Up-to-date: /home/yalcinolgac/ros2_ws/install/day7/share/ament_index/resource_index/package_run_dependencies/day7
[0.041s] -- Up-to-date: /home/yalcinolgac/ros2_ws/install/day7/share/ament_index/resource_index/parent_prefix_path/day7
[0.041s] -- Up-to-date: /home/yalcinolgac/ros2_ws/install/day7/share/day7/environment/ament_prefix_path.sh
[0.041s] -- Up-to-date: /home/yalcinolgac/ros2_ws/install/day7/share/day7/environment/ament_prefix_path.dsv
[0.041s] -- Up-to-date: /home/yalcinolgac/ros2_ws/install/day7/share/day7/environment/path.sh
[0.041s] -- Up-to-date: /home/yalcinolgac/ros2_ws/install/day7/share/day7/environment/path.dsv
[0.041s] -- Up-to-date: /home/yalcinolgac/ros2_ws/install/day7/share/day7/local_setup.bash
[0.041s] -- Up-to-date: /home/yalcinolgac/ros2_ws/install/day7/share/day7/local_setup.sh
[0.041s] -- Up-to-date: /home/yalcinolgac/ros2_ws/install/day7/share/day7/local_setup.zsh
[0.042s] -- Up-to-date: /home/yalcinolgac/ros2_ws/install/day7/share/day7/local_setup.dsv
[0.042s] -- Up-to-date: /home/yalcinolgac/ros2_ws/install/day7/share/day7/package.dsv
[0.042s] -- Up-to-date: /home/yalcinolgac/ros2_ws/install/day7/share/ament_index/resource_index/packages/day7
[0.042s] -- Up-to-date: /home/yalcinolgac/ros2_ws/install/day7/share/day7/cmake/ament_cmake_export_dependencies-extras.cmake
[0.043s] -- Up-to-date: /home/yalcinolgac/ros2_ws/install/day7/share/day7/cmake/day7Config.cmake
[0.043s] -- Up-to-date: /home/yalcinolgac/ros2_ws/install/day7/share/day7/cmake/day7Config-version.cmake
[0.043s] -- Up-to-date: /home/yalcinolgac/ros2_ws/install/day7/share/day7/package.xml
[0.043s] Invoked command in '/home/yalcinolgac/ros2_ws/build/day7' returned '0': CMAKE_PREFIX_PATH=${CMAKE_PREFIX_PATH}:/opt/ros/jazzy DEBUGINFOD_URLS=https://debuginfod.ubuntu.com /usr/bin/cmake --install /home/yalcinolgac/ros2_ws/build/day7
