[0.006s] Invoking command in '/home/yalcinolgac/ros2_ws/src/day8/build/day8': CMAKE_PREFIX_PATH=${CMAKE_PREFIX_PATH}:/opt/ros/jazzy DEBUGINFOD_URLS=https://debuginfod.ubuntu.com /usr/bin/cmake /home/yalcinolgac/ros2_ws/src/day8 -DAMENT_CMAKE_SYMLINK_INSTALL=1 -DCMAKE_INSTALL_PREFIX=/home/yalcinolgac/ros2_ws/src/day8/install/day8
[0.015s] -- Found ament_cmake: 2.5.4 (/opt/ros/jazzy/share/ament_cmake/cmake)
[0.132s] -- Override CMake install command with custom implementation using symlinks instead of copying resources
[0.136s] -- Found rclcpp: 28.1.9 (/opt/ros/jazzy/share/rclcpp/cmake)
[0.154s] -- Found rosidl_generator_c: 4.6.5 (/opt/ros/jazzy/share/rosidl_generator_c/cmake)
[0.158s] -- Found rosidl_generator_cpp: 4.6.5 (/opt/ros/jazzy/share/rosidl_generator_cpp/cmake)
[0.164s] -- Using all available rosidl_typesupport_c: rosidl_typesupport_fastrtps_c;rosidl_typesupport_introspection_c
[0.171s] -- Using all available rosidl_typesupport_cpp: rosidl_typesupport_fastrtps_cpp;rosidl_typesupport_introspection_cpp
[0.204s] -- Found rmw_implementation_cmake: 7.3.2 (/opt/ros/jazzy/share/rmw_implementation_cmake/cmake)
[0.205s] -- Found rmw_fastrtps_cpp: 8.4.2 (/opt/ros/jazzy/share/rmw_fastrtps_cpp/cmake)
[0.242s] -- Using RMW implementation 'rmw_fastrtps_cpp' as default
[0.279s] -- Found rclpy: 7.1.4 (/opt/ros/jazzy/share/rclpy/cmake)
[0.279s] -- Found urdf: 2.10.0 (/opt/ros/jazzy/share/urdf/cmake)
[0.285s] -- Found xacro: 2.0.13 (/opt/ros/jazzy/share/xacro/cmake)
[0.286s] -- Found robot_state_publisher: 3.3.3 (/opt/ros/jazzy/share/robot_state_publisher/cmake)
[0.402s] [31mCMake Error at CMakeLists.txt:17 (find_package):
[0.402s]   By not providing "Findgazebo_ros.cmake" in CMAKE_MODULE_PATH this project
[0.402s]   has asked CMake to find a package configuration file provided by
[0.402s]   "gazebo_ros", but CMake did not find one.
[0.402s] 
[0.402s]   Could not find a package configuration file provided by "gazebo_ros" with
[0.402s]   any of the following names:
[0.402s] 
[0.402s]     gazebo_rosConfig.cmake
[0.402s]     gazebo_ros-config.cmake
[0.402s] 
[0.402s]   Add the installation prefix of "gazebo_ros" to CMAKE_PREFIX_PATH or set
[0.402s]   "gazebo_ros_DIR" to a directory containing one of the above files.  If
[0.402s]   "gazebo_ros" provides a separate development package or SDK, be sure it has
[0.402s]   been installed.
[0.402s] 
[0.402s] [0m
[0.402s] -- Configuring incomplete, errors occurred!
[0.407s] Invoked command in '/home/yalcinolgac/ros2_ws/src/day8/build/day8' returned '1': CMAKE_PREFIX_PATH=${CMAKE_PREFIX_PATH}:/opt/ros/jazzy DEBUGINFOD_URLS=https://debuginfod.ubuntu.com /usr/bin/cmake /home/yalcinolgac/ros2_ws/src/day8 -DAMENT_CMAKE_SYMLINK_INSTALL=1 -DCMAKE_INSTALL_PREFIX=/home/yalcinolgac/ros2_ws/src/day8/install/day8
