[0.011s] Invoking command in '/home/yalcinolgac/ros2_ws/build/day7': DEBUGINFOD_URLS=https://debuginfod.ubuntu.com /usr/bin/cmake --build /home/yalcinolgac/ros2_ws/build/day7 -- -j32 -l32
[0.061s] -- Found ament_cmake: 2.5.4 (/opt/ros/jazzy/share/ament_cmake/cmake)
[0.194s] -- Found rclcpp: 28.1.9 (/opt/ros/jazzy/share/rclcpp/cmake)
[0.239s] -- Found rosidl_generator_c: 4.6.5 (/opt/ros/jazzy/share/rosidl_generator_c/cmake)
[0.248s] -- Found rosidl_generator_cpp: 4.6.5 (/opt/ros/jazzy/share/rosidl_generator_cpp/cmake)
[0.259s] -- Using all available rosidl_typesupport_c: rosidl_typesupport_fastrtps_c;rosidl_typesupport_introspection_c
[0.271s] -- Using all available rosidl_typesupport_cpp: rosidl_typesupport_fastrtps_cpp;rosidl_typesupport_introspection_cpp
[0.319s] -- Found rmw_implementation_cmake: 7.3.2 (/opt/ros/jazzy/share/rmw_implementation_cmake/cmake)
[0.321s] -- Found rmw_fastrtps_cpp: 8.4.2 (/opt/ros/jazzy/share/rmw_fastrtps_cpp/cmake)
[0.365s] -- Using RMW implementation 'rmw_fastrtps_cpp' as default
[0.417s] -- Found std_msgs: 5.3.6 (/opt/ros/jazzy/share/std_msgs/cmake)
[0.429s] -- Found geometry_msgs: 5.3.6 (/opt/ros/jazzy/share/geometry_msgs/cmake)
[0.440s] -- Found ros_gz_sim: 1.0.12 (/opt/ros/jazzy/share/ros_gz_sim/cmake)
[0.525s] -- Found ros_gz_bridge: 1.0.12 (/opt/ros/jazzy/share/ros_gz_bridge/cmake)
[0.533s] -- Looking for gz-msgs10 -- found version 10.3.2
[0.541s] -- Searching for dependencies of gz-msgs10
[0.586s] -- Looking for gz-utils2 -- found version 2.2.1
[0.586s] -- Searching for dependencies of gz-utils2
[0.588s] -- Looking for gz-math7 -- found version 7.5.2
[0.588s] -- Searching for dependencies of gz-math7
[0.588s] -- Looking for gz-utils2 -- found version 2.2.1
[0.592s] -- Checking for module 'tinyxml2'
[0.600s] --   Found tinyxml2, version 10.0.0
[0.620s] -- Looking for gz-transport13 -- found version 13.4.1
[0.620s] -- Searching for dependencies of gz-transport13
[0.653s] -- Config-file not installed for ZeroMQ -- checking for pkg-config
[0.656s] -- Checking for module 'libzmq >= 4'
[0.664s] --   Found libzmq, version 4.3.5
[0.688s] -- Checking for module 'uuid'
[0.696s] --   Found uuid, version 2.39.3
[0.712s] -- Looking for gz-utils2 -- found version 2.2.1
[0.712s] -- Searching for dependencies of gz-utils2
[0.712s] -- Searching for <gz-utils2> component [cli]
[0.713s] -- Looking for gz-utils2-cli -- found version 2.2.1
[0.713s] -- Searching for dependencies of gz-utils2-cli
[0.714s] -- Looking for gz-msgs10 -- found version 10.3.2
[0.828s] -- Found ament_lint_auto: 0.17.2 (/opt/ros/jazzy/share/ament_lint_auto/cmake)
[0.868s] Error parsing '/home/yalcinolgac/ros2_ws/src/day7/package.xml':
[1.948s] Traceback (most recent call last):
[1.948s]   File "/opt/ros/jazzy/share/ament_cmake_core/cmake/core/package_xml_2_cmake.py", line 150, in <module>
[1.948s]     main()
[1.948s]   File "/opt/ros/jazzy/share/ament_cmake_core/cmake/core/package_xml_2_cmake.py", line 53, in main
[1.948s]     raise e
[1.948s]   File "/opt/ros/jazzy/share/ament_cmake_core/cmake/core/package_xml_2_cmake.py", line 49, in main
[1.948s]     package = parse_package_string(
[1.948s]               ^^^^^^^^^^^^^^^^^^^^^
[1.948s]   File "/usr/lib/python3/dist-packages/catkin_pkg/package.py", line 630, in parse_package_string
[1.948s]     pkg.name = _get_node_value(_get_node(root, 'name', filename))
[1.948s]                                ^^^^^^^^^^^^^^^^^^^^^^^^^^^^^^^^^
[1.948s]   File "/usr/lib/python3/dist-packages/catkin_pkg/package.py", line 800, in _get_node
[1.948s]     raise InvalidPackage('The manifest must contain exactly one "%s" tag' % tagname, filename)
[1.948s] catkin_pkg.package.InvalidPackage: Error(s) in package '/home/yalcinolgac/ros2_ws/src/day7/package.xml':
[1.948s] The manifest must contain exactly one "name" tag
[1.967s] [31mCMake Error at /opt/ros/jazzy/share/ament_cmake_core/cmake/core/ament_package_xml.cmake:95 (message):
[1.967s]   execute_process(/usr/bin/python3
[1.967s]   /opt/ros/jazzy/share/ament_cmake_core/cmake/core/package_xml_2_cmake.py
[1.967s]   /home/yalcinolgac/ros2_ws/src/day7/package.xml
[1.967s]   /home/yalcinolgac/ros2_ws/build/day7/ament_cmake_core/package.cmake)
[1.967s]   returned error code 1
[1.967s] Call Stack (most recent call first):
[1.967s]   /opt/ros/jazzy/share/ament_cmake_core/cmake/core/ament_package_xml.cmake:49 (_ament_package_xml)
[1.967s]   /opt/ros/jazzy/share/ament_lint_auto/cmake/ament_lint_auto_find_test_dependencies.cmake:31 (ament_package_xml)
[1.967s]   CMakeLists.txt:34 (ament_lint_auto_find_test_dependencies)
[1.967s] 
[1.967s] [0m
[1.967s] -- Configuring incomplete, errors occurred!
[1.977s] gmake: *** [Makefile:226: cmake_check_build_system] Error 1
[1.978s] Invoked command in '/home/yalcinolgac/ros2_ws/build/day7' returned '2': DEBUGINFOD_URLS=https://debuginfod.ubuntu.com /usr/bin/cmake --build /home/yalcinolgac/ros2_ws/build/day7 -- -j32 -l32
