[0.050s] DEBUG:colcon:Command line arguments: ['/usr/bin/colcon', 'build', '--packages-select', 'day7']
[0.050s] DEBUG:colcon:Parsed command line arguments: Namespace(log_base=None, log_level=None, verb_name='build', build_base='build', install_base='install', merge_install=False, symlink_install=False, test_result_base=None, continue_on_error=False, executor='parallel', parallel_workers=32, event_handlers=None, ignore_user_meta=False, metas=['./colcon.meta'], base_paths=['.'], packages_ignore=None, packages_ignore_regex=None, paths=None, packages_up_to=None, packages_up_to_regex=None, packages_above=None, packages_above_and_dependencies=None, packages_above_depth=None, packages_select_by_dep=None, packages_skip_by_dep=None, packages_skip_up_to=None, packages_select_build_failed=False, packages_skip_build_finished=False, packages_select_test_failures=False, packages_skip_test_passed=False, packages_select=['day7'], packages_skip=None, packages_select_regex=None, packages_skip_regex=None, packages_start=None, packages_end=None, allow_overriding=[], cmake_args=None, cmake_target=None, cmake_target_skip_unavailable=False, cmake_clean_cache=False, cmake_clean_first=False, cmake_force_configure=False, ament_cmake_args=None, catkin_cmake_args=None, catkin_skip_building_tests=False, mixin_files=None, mixin=None, verb_parser=<colcon_mixin.mixin.mixin_argument.MixinArgumentDecorator object at 0x7ae2ca4b48c0>, verb_extension=<colcon_core.verb.build.BuildVerb object at 0x7ae2ca4b45f0>, main=<bound method BuildVerb.main of <colcon_core.verb.build.BuildVerb object at 0x7ae2ca4b45f0>>, mixin_verb=('build',))
[0.069s] Level 1:colcon.colcon_core.package_discovery:discover_packages(colcon_meta) check parameters
[0.069s] Level 1:colcon.colcon_core.package_discovery:discover_packages(recursive) check parameters
[0.069s] Level 1:colcon.colcon_core.package_discovery:discover_packages(ignore) check parameters
[0.069s] Level 1:colcon.colcon_core.package_discovery:discover_packages(path) check parameters
[0.069s] Level 1:colcon.colcon_core.package_discovery:discover_packages(colcon_meta) discover
[0.069s] Level 1:colcon.colcon_core.package_discovery:discover_packages(recursive) discover
[0.069s] INFO:colcon.colcon_core.package_discovery:Crawling recursively for packages in '/home/yalcinolgac/ros2_ws/src/day7'
[0.069s] Level 1:colcon.colcon_core.package_identification:_identify(.) by extensions ['ignore', 'ignore_ament_install']
[0.069s] Level 1:colcon.colcon_core.package_identification:_identify(.) by extension 'ignore'
[0.069s] Level 1:colcon.colcon_core.package_identification:_identify(.) by extension 'ignore_ament_install'
[0.069s] Level 1:colcon.colcon_core.package_identification:_identify(.) by extensions ['colcon_pkg']
[0.069s] Level 1:colcon.colcon_core.package_identification:_identify(.) by extension 'colcon_pkg'
[0.069s] Level 1:colcon.colcon_core.package_identification:_identify(.) by extensions ['colcon_meta']
[0.069s] Level 1:colcon.colcon_core.package_identification:_identify(.) by extension 'colcon_meta'
[0.069s] Level 1:colcon.colcon_core.package_identification:_identify(.) by extensions ['ros']
[0.069s] Level 1:colcon.colcon_core.package_identification:_identify(.) by extension 'ros'
[0.083s] DEBUG:colcon.colcon_core.package_identification:Package '.' with type 'ros.ament_cmake' and name 'day7'
[0.083s] Level 1:colcon.colcon_core.package_discovery:discover_packages(recursive) using defaults
[0.083s] Level 1:colcon.colcon_core.package_discovery:discover_packages(ignore) discover
[0.083s] Level 1:colcon.colcon_core.package_discovery:discover_packages(ignore) using defaults
[0.083s] Level 1:colcon.colcon_core.package_discovery:discover_packages(path) discover
[0.083s] Level 1:colcon.colcon_core.package_discovery:discover_packages(path) using defaults
[0.091s] Level 1:colcon.colcon_core.package_discovery:discover_packages(prefix_path) check parameters
[0.091s] Level 1:colcon.colcon_core.package_discovery:discover_packages(prefix_path) discover
[0.092s] WARNING:colcon.colcon_ros.prefix_path.ament:The path '/home/yalcinolgac/ros2_ws/install/day7' in the environment variable AMENT_PREFIX_PATH doesn't exist
[0.092s] WARNING:colcon.colcon_ros.prefix_path.catkin:The path '/home/yalcinolgac/ros2_ws/install/day7' in the environment variable CMAKE_PREFIX_PATH doesn't exist
[0.093s] DEBUG:colcon.colcon_installed_package_information.package_discovery:Found 6 installed packages in /home/yalcinolgac/ros2_ws/install
[0.094s] DEBUG:colcon.colcon_installed_package_information.package_discovery:Found 496 installed packages in /opt/ros/jazzy
[0.095s] Level 1:colcon.colcon_core.package_discovery:discover_packages(prefix_path) using defaults
[0.123s] Level 5:colcon.colcon_core.verb:set package 'day7' build argument 'cmake_args' from command line to 'None'
[0.123s] Level 5:colcon.colcon_core.verb:set package 'day7' build argument 'cmake_target' from command line to 'None'
[0.123s] Level 5:colcon.colcon_core.verb:set package 'day7' build argument 'cmake_target_skip_unavailable' from command line to 'False'
[0.123s] Level 5:colcon.colcon_core.verb:set package 'day7' build argument 'cmake_clean_cache' from command line to 'False'
[0.123s] Level 5:colcon.colcon_core.verb:set package 'day7' build argument 'cmake_clean_first' from command line to 'False'
[0.123s] Level 5:colcon.colcon_core.verb:set package 'day7' build argument 'cmake_force_configure' from command line to 'False'
[0.123s] Level 5:colcon.colcon_core.verb:set package 'day7' build argument 'ament_cmake_args' from command line to 'None'
[0.123s] Level 5:colcon.colcon_core.verb:set package 'day7' build argument 'catkin_cmake_args' from command line to 'None'
[0.123s] Level 5:colcon.colcon_core.verb:set package 'day7' build argument 'catkin_skip_building_tests' from command line to 'False'
[0.123s] DEBUG:colcon.colcon_core.verb:Building package 'day7' with the following arguments: {'ament_cmake_args': None, 'build_base': '/home/yalcinolgac/ros2_ws/src/day7/build/day7', 'catkin_cmake_args': None, 'catkin_skip_building_tests': False, 'cmake_args': None, 'cmake_clean_cache': False, 'cmake_clean_first': False, 'cmake_force_configure': False, 'cmake_target': None, 'cmake_target_skip_unavailable': False, 'install_base': '/home/yalcinolgac/ros2_ws/src/day7/install/day7', 'merge_install': False, 'path': '/home/yalcinolgac/ros2_ws/src/day7', 'symlink_install': False, 'test_result_base': None}
[0.123s] INFO:colcon.colcon_core.executor:Executing jobs using 'parallel' executor
[0.124s] DEBUG:colcon.colcon_parallel_executor.executor.parallel:run_until_complete
[0.124s] INFO:colcon.colcon_ros.task.ament_cmake.build:Building ROS package in '/home/yalcinolgac/ros2_ws/src/day7' with build type 'ament_cmake'
[0.124s] INFO:colcon.colcon_cmake.task.cmake.build:Building CMake package in '/home/yalcinolgac/ros2_ws/src/day7'
[0.126s] INFO:colcon.colcon_core.plugin_system:Skipping extension 'colcon_core.shell.bat': Not used on non-Windows systems
[0.126s] INFO:colcon.colcon_core.shell:Skip shell extension 'powershell' for command environment: Not usable outside of PowerShell
[0.126s] DEBUG:colcon.colcon_core.shell:Skip shell extension 'dsv' for command environment
[0.131s] DEBUG:colcon.colcon_core.event_handler.log_command:Invoking command in '/home/yalcinolgac/ros2_ws/src/day7/build/day7': CMAKE_PREFIX_PATH=${CMAKE_PREFIX_PATH}:/opt/ros/jazzy DEBUGINFOD_URLS=https://debuginfod.ubuntu.com /usr/bin/cmake /home/yalcinolgac/ros2_ws/src/day7 -DCMAKE_INSTALL_PREFIX=/home/yalcinolgac/ros2_ws/src/day7/install/day7
[0.706s] DEBUG:colcon.colcon_core.event_handler.log_command:Invoked command in '/home/yalcinolgac/ros2_ws/src/day7/build/day7' returned '0': CMAKE_PREFIX_PATH=${CMAKE_PREFIX_PATH}:/opt/ros/jazzy DEBUGINFOD_URLS=https://debuginfod.ubuntu.com /usr/bin/cmake /home/yalcinolgac/ros2_ws/src/day7 -DCMAKE_INSTALL_PREFIX=/home/yalcinolgac/ros2_ws/src/day7/install/day7
[0.707s] DEBUG:colcon.colcon_core.event_handler.log_command:Invoking command in '/home/yalcinolgac/ros2_ws/src/day7/build/day7': CMAKE_PREFIX_PATH=${CMAKE_PREFIX_PATH}:/opt/ros/jazzy DEBUGINFOD_URLS=https://debuginfod.ubuntu.com /usr/bin/cmake --build /home/yalcinolgac/ros2_ws/src/day7/build/day7 -- -j32 -l32
[0.729s] DEBUG:colcon.colcon_core.event_handler.log_command:Invoked command in '/home/yalcinolgac/ros2_ws/src/day7/build/day7' returned '0': CMAKE_PREFIX_PATH=${CMAKE_PREFIX_PATH}:/opt/ros/jazzy DEBUGINFOD_URLS=https://debuginfod.ubuntu.com /usr/bin/cmake --build /home/yalcinolgac/ros2_ws/src/day7/build/day7 -- -j32 -l32
[0.735s] DEBUG:colcon.colcon_core.event_handler.log_command:Invoking command in '/home/yalcinolgac/ros2_ws/src/day7/build/day7': CMAKE_PREFIX_PATH=${CMAKE_PREFIX_PATH}:/opt/ros/jazzy DEBUGINFOD_URLS=https://debuginfod.ubuntu.com /usr/bin/cmake --install /home/yalcinolgac/ros2_ws/src/day7/build/day7
[0.743s] Level 1:colcon.colcon_core.environment:create_environment_scripts_only(day7)
[0.743s] DEBUG:colcon.colcon_core.event_handler.log_command:Invoked command in '/home/yalcinolgac/ros2_ws/src/day7/build/day7' returned '0': CMAKE_PREFIX_PATH=${CMAKE_PREFIX_PATH}:/opt/ros/jazzy DEBUGINFOD_URLS=https://debuginfod.ubuntu.com /usr/bin/cmake --install /home/yalcinolgac/ros2_ws/src/day7/build/day7
[0.744s] Level 1:colcon.colcon_core.environment:checking '/home/yalcinolgac/ros2_ws/src/day7/install/day7' for CMake module files
[0.744s] Level 1:colcon.colcon_core.environment:checking '/home/yalcinolgac/ros2_ws/src/day7/install/day7' for CMake config files
[0.744s] Level 1:colcon.colcon_core.shell:create_environment_hook('day7', 'cmake_prefix_path')
[0.744s] INFO:colcon.colcon_core.shell:Creating environment hook '/home/yalcinolgac/ros2_ws/src/day7/install/day7/share/day7/hook/cmake_prefix_path.ps1'
[0.744s] INFO:colcon.colcon_core.shell:Creating environment descriptor '/home/yalcinolgac/ros2_ws/src/day7/install/day7/share/day7/hook/cmake_prefix_path.dsv'
[0.745s] INFO:colcon.colcon_core.shell:Creating environment hook '/home/yalcinolgac/ros2_ws/src/day7/install/day7/share/day7/hook/cmake_prefix_path.sh'
[0.745s] Level 1:colcon.colcon_core.environment:checking '/home/yalcinolgac/ros2_ws/src/day7/install/day7/bin'
[0.745s] Level 1:colcon.colcon_core.environment:checking '/home/yalcinolgac/ros2_ws/src/day7/install/day7/lib/pkgconfig/day7.pc'
[0.745s] Level 1:colcon.colcon_core.environment:checking '/home/yalcinolgac/ros2_ws/src/day7/install/day7/lib/python3.12/site-packages'
[0.745s] Level 1:colcon.colcon_core.environment:checking '/home/yalcinolgac/ros2_ws/src/day7/install/day7/bin'
[0.745s] INFO:colcon.colcon_core.shell:Creating package script '/home/yalcinolgac/ros2_ws/src/day7/install/day7/share/day7/package.ps1'
[0.746s] INFO:colcon.colcon_core.shell:Creating package descriptor '/home/yalcinolgac/ros2_ws/src/day7/install/day7/share/day7/package.dsv'
[0.746s] INFO:colcon.colcon_core.shell:Creating package script '/home/yalcinolgac/ros2_ws/src/day7/install/day7/share/day7/package.sh'
[0.747s] INFO:colcon.colcon_core.shell:Creating package script '/home/yalcinolgac/ros2_ws/src/day7/install/day7/share/day7/package.bash'
[0.747s] INFO:colcon.colcon_core.shell:Creating package script '/home/yalcinolgac/ros2_ws/src/day7/install/day7/share/day7/package.zsh'
[0.747s] Level 1:colcon.colcon_core.environment:create_file_with_runtime_dependencies(/home/yalcinolgac/ros2_ws/src/day7/install/day7/share/colcon-core/packages/day7)
[0.748s] Level 1:colcon.colcon_core.environment:create_environment_scripts_only(day7)
[0.748s] Level 1:colcon.colcon_core.environment:checking '/home/yalcinolgac/ros2_ws/src/day7/install/day7' for CMake module files
[0.748s] Level 1:colcon.colcon_core.environment:checking '/home/yalcinolgac/ros2_ws/src/day7/install/day7' for CMake config files
[0.748s] Level 1:colcon.colcon_core.shell:create_environment_hook('day7', 'cmake_prefix_path')
[0.748s] INFO:colcon.colcon_core.shell:Creating environment hook '/home/yalcinolgac/ros2_ws/src/day7/install/day7/share/day7/hook/cmake_prefix_path.ps1'
[0.748s] INFO:colcon.colcon_core.shell:Creating environment descriptor '/home/yalcinolgac/ros2_ws/src/day7/install/day7/share/day7/hook/cmake_prefix_path.dsv'
[0.748s] INFO:colcon.colcon_core.shell:Creating environment hook '/home/yalcinolgac/ros2_ws/src/day7/install/day7/share/day7/hook/cmake_prefix_path.sh'
[0.749s] Level 1:colcon.colcon_core.environment:checking '/home/yalcinolgac/ros2_ws/src/day7/install/day7/bin'
[0.749s] Level 1:colcon.colcon_core.environment:checking '/home/yalcinolgac/ros2_ws/src/day7/install/day7/lib/pkgconfig/day7.pc'
[0.749s] Level 1:colcon.colcon_core.environment:checking '/home/yalcinolgac/ros2_ws/src/day7/install/day7/lib/python3.12/site-packages'
[0.749s] Level 1:colcon.colcon_core.environment:checking '/home/yalcinolgac/ros2_ws/src/day7/install/day7/bin'
[0.749s] INFO:colcon.colcon_core.shell:Creating package script '/home/yalcinolgac/ros2_ws/src/day7/install/day7/share/day7/package.ps1'
[0.749s] INFO:colcon.colcon_core.shell:Creating package descriptor '/home/yalcinolgac/ros2_ws/src/day7/install/day7/share/day7/package.dsv'
[0.750s] INFO:colcon.colcon_core.shell:Creating package script '/home/yalcinolgac/ros2_ws/src/day7/install/day7/share/day7/package.sh'
[0.750s] INFO:colcon.colcon_core.shell:Creating package script '/home/yalcinolgac/ros2_ws/src/day7/install/day7/share/day7/package.bash'
[0.750s] INFO:colcon.colcon_core.shell:Creating package script '/home/yalcinolgac/ros2_ws/src/day7/install/day7/share/day7/package.zsh'
[0.750s] Level 1:colcon.colcon_core.environment:create_file_with_runtime_dependencies(/home/yalcinolgac/ros2_ws/src/day7/install/day7/share/colcon-core/packages/day7)
[0.750s] DEBUG:colcon.colcon_parallel_executor.executor.parallel:closing loop
[0.750s] DEBUG:colcon.colcon_parallel_executor.executor.parallel:loop closed
[0.750s] DEBUG:colcon.colcon_parallel_executor.executor.parallel:run_until_complete finished with '0'
[0.750s] DEBUG:colcon.colcon_core.event_reactor:joining thread
[0.754s] INFO:colcon.colcon_core.plugin_system:Skipping extension 'colcon_notification.desktop_notification.notify_send': Could not find 'notify-send'
[0.754s] INFO:colcon.colcon_core.plugin_system:Skipping extension 'colcon_notification.desktop_notification.terminal_notifier': Not used on non-Darwin systems
[0.754s] INFO:colcon.colcon_core.plugin_system:Skipping extension 'colcon_notification.desktop_notification.win32': Not used on non-Windows systems
[0.754s] INFO:colcon.colcon_notification.desktop_notification:Sending desktop notification using 'notify2'
[0.754s] DEBUG:colcon.colcon_notification.desktop_notification.notify2:Failed to initialize notify2: org.freedesktop.DBus.Error.ServiceUnknown: The name org.freedesktop.Notifications was not provided by any .service files
[0.755s] DEBUG:colcon.colcon_core.event_reactor:joined thread
[0.755s] INFO:colcon.colcon_core.shell:Creating prefix script '/home/yalcinolgac/ros2_ws/src/day7/install/local_setup.ps1'
[0.755s] INFO:colcon.colcon_core.shell:Creating prefix util module '/home/yalcinolgac/ros2_ws/src/day7/install/_local_setup_util_ps1.py'
[0.756s] INFO:colcon.colcon_core.shell:Creating prefix chain script '/home/yalcinolgac/ros2_ws/src/day7/install/setup.ps1'
[0.756s] INFO:colcon.colcon_core.shell:Creating prefix script '/home/yalcinolgac/ros2_ws/src/day7/install/local_setup.sh'
[0.756s] INFO:colcon.colcon_core.shell:Creating prefix util module '/home/yalcinolgac/ros2_ws/src/day7/install/_local_setup_util_sh.py'
[0.757s] INFO:colcon.colcon_core.shell:Creating prefix chain script '/home/yalcinolgac/ros2_ws/src/day7/install/setup.sh'
[0.758s] INFO:colcon.colcon_core.shell:Creating prefix script '/home/yalcinolgac/ros2_ws/src/day7/install/local_setup.bash'
[0.758s] INFO:colcon.colcon_core.shell:Creating prefix chain script '/home/yalcinolgac/ros2_ws/src/day7/install/setup.bash'
[0.758s] INFO:colcon.colcon_core.shell:Creating prefix script '/home/yalcinolgac/ros2_ws/src/day7/install/local_setup.zsh'
[0.758s] INFO:colcon.colcon_core.shell:Creating prefix chain script '/home/yalcinolgac/ros2_ws/src/day7/install/setup.zsh'
