[0.007s] Invoking command in '/home/yalcinolgac/ros2_ws/build/day5': CMAKE_PREFIX_PATH=${CMAKE_PREFIX_PATH}:/opt/ros/jazzy DEBUGINFOD_URLS=https://debuginfod.ubuntu.com /usr/bin/cmake --build /home/yalcinolgac/ros2_ws/build/day5 -- -j32 -l32
[0.043s] [ 75%] Built target parameter_subscriber
[0.043s] [ 87%] Built target parameter_publisher
[0.043s] [100%] Built target configurable_publisher
[0.043s] [100%] Built target multi_node_example
[0.049s] Invoked command in '/home/yalcinolgac/ros2_ws/build/day5' returned '0': CMAKE_PREFIX_PATH=${CMAKE_PREFIX_PATH}:/opt/ros/jazzy DEBUGINFOD_URLS=https://debuginfod.ubuntu.com /usr/bin/cmake --build /home/yalcinolgac/ros2_ws/build/day5 -- -j32 -l32
[0.055s] Invoking command in '/home/yalcinolgac/ros2_ws/build/day5': CMAKE_PREFIX_PATH=${CMAKE_PREFIX_PATH}:/opt/ros/jazzy DEBUGINFOD_URLS=https://debuginfod.ubuntu.com /usr/bin/cmake --install /home/yalcinolgac/ros2_ws/build/day5
[0.059s] -- Install configuration: ""
[0.060s] -- Installing: /home/yalcinolgac/ros2_ws/install/day5/lib/day5/parameter_publisher
[0.065s] -- Set non-toolchain portion of runtime path of "/home/yalcinolgac/ros2_ws/install/day5/lib/day5/parameter_publisher" to ""
[0.065s] -- Installing: /home/yalcinolgac/ros2_ws/install/day5/lib/day5/parameter_subscriber
[0.072s] -- Set non-toolchain portion of runtime path of "/home/yalcinolgac/ros2_ws/install/day5/lib/day5/parameter_subscriber" to ""
[0.072s] -- Installing: /home/yalcinolgac/ros2_ws/install/day5/lib/day5/configurable_publisher
[0.077s] -- Set non-toolchain portion of runtime path of "/home/yalcinolgac/ros2_ws/install/day5/lib/day5/configurable_publisher" to ""
[0.077s] -- Installing: /home/yalcinolgac/ros2_ws/install/day5/lib/day5/multi_node_example
[0.082s] -- Set non-toolchain portion of runtime path of "/home/yalcinolgac/ros2_ws/install/day5/lib/day5/multi_node_example" to ""
[0.082s] -- Installing: /home/yalcinolgac/ros2_ws/install/day5/share/day5//launch
[0.082s] -- Installing: /home/yalcinolgac/ros2_ws/install/day5/share/day5//launch/simple_launch.py
[0.083s] -- Installing: /home/yalcinolgac/ros2_ws/install/day5/share/day5//launch/advanced_launch.py
[0.083s] -- Installing: /home/yalcinolgac/ros2_ws/install/day5/share/day5//config
[0.083s] -- Installing: /home/yalcinolgac/ros2_ws/install/day5/share/day5//config/day5_params.yaml
[0.083s] -- Installing: /home/yalcinolgac/ros2_ws/install/day5/share/day5//config/params.yaml
[0.084s] -- Installing: /home/yalcinolgac/ros2_ws/install/day5/share/ament_index/resource_index/package_run_dependencies/day5
[0.084s] -- Installing: /home/yalcinolgac/ros2_ws/install/day5/share/ament_index/resource_index/parent_prefix_path/day5
[0.085s] -- Installing: /home/yalcinolgac/ros2_ws/install/day5/share/day5/environment/ament_prefix_path.sh
[0.085s] -- Installing: /home/yalcinolgac/ros2_ws/install/day5/share/day5/environment/ament_prefix_path.dsv
[0.085s] -- Installing: /home/yalcinolgac/ros2_ws/install/day5/share/day5/environment/path.sh
[0.086s] -- Installing: /home/yalcinolgac/ros2_ws/install/day5/share/day5/environment/path.dsv
[0.086s] -- Installing: /home/yalcinolgac/ros2_ws/install/day5/share/day5/local_setup.bash
[0.086s] -- Installing: /home/yalcinolgac/ros2_ws/install/day5/share/day5/local_setup.sh
[0.087s] -- Installing: /home/yalcinolgac/ros2_ws/install/day5/share/day5/local_setup.zsh
[0.087s] -- Installing: /home/yalcinolgac/ros2_ws/install/day5/share/day5/local_setup.dsv
[0.087s] -- Installing: /home/yalcinolgac/ros2_ws/install/day5/share/day5/package.dsv
[0.088s] -- Installing: /home/yalcinolgac/ros2_ws/install/day5/share/ament_index/resource_index/packages/day5
[0.088s] -- Installing: /home/yalcinolgac/ros2_ws/install/day5/share/day5/cmake/day5Config.cmake
[0.088s] -- Installing: /home/yalcinolgac/ros2_ws/install/day5/share/day5/cmake/day5Config-version.cmake
[0.088s] -- Installing: /home/yalcinolgac/ros2_ws/install/day5/share/day5/package.xml
[0.090s] Invoked command in '/home/yalcinolgac/ros2_ws/build/day5' returned '0': CMAKE_PREFIX_PATH=${CMAKE_PREFIX_PATH}:/opt/ros/jazzy DEBUGINFOD_URLS=https://debuginfod.ubuntu.com /usr/bin/cmake --install /home/yalcinolgac/ros2_ws/build/day5
