[0.010s] Invoking command in '/home/yalcinolgac/ros2_ws/src/day8/build/day8': CMAKE_PREFIX_PATH=${CMAKE_PREFIX_PATH}:/opt/ros/jazzy DEBUGINFOD_URLS=https://debuginfod.ubuntu.com /usr/bin/cmake --build /home/yalcinolgac/ros2_ws/src/day8/build/day8 -- -j32 -l32
[0.059s] -- Found ament_cmake: 2.5.4 (/opt/ros/jazzy/share/ament_cmake/cmake)
[0.189s] -- Override CMake install command with custom implementation using symlinks instead of copying resources
[0.206s] -- Found rclcpp: 28.1.9 (/opt/ros/jazzy/share/rclcpp/cmake)
[0.257s] -- Found rosidl_generator_c: 4.6.5 (/opt/ros/jazzy/share/rosidl_generator_c/cmake)
[0.265s] -- Found rosidl_generator_cpp: 4.6.5 (/opt/ros/jazzy/share/rosidl_generator_cpp/cmake)
[0.278s] -- Using all available rosidl_typesupport_c: rosidl_typesupport_fastrtps_c;rosidl_typesupport_introspection_c
[0.291s] -- Using all available rosidl_typesupport_cpp: rosidl_typesupport_fastrtps_cpp;rosidl_typesupport_introspection_cpp
[0.342s] -- Found rmw_implementation_cmake: 7.3.2 (/opt/ros/jazzy/share/rmw_implementation_cmake/cmake)
[0.345s] -- Found rmw_fastrtps_cpp: 8.4.2 (/opt/ros/jazzy/share/rmw_fastrtps_cpp/cmake)
[0.394s] -- Using RMW implementation 'rmw_fastrtps_cpp' as default
[0.446s] -- Found geometry_msgs: 5.3.6 (/opt/ros/jazzy/share/geometry_msgs/cmake)
[0.574s] -- Configuring done (0.5s)
[0.586s] -- Generating done (0.0s)
[0.588s] -- Build files have been written to: /home/yalcinolgac/ros2_ws/src/day8/build/day8
[0.614s] [100%] Built target simple_robot_controller_cpp
[0.614s] [100%] Built target ament_cmake_python_symlink_day8
[0.732s] running egg_info
[0.742s] writing day8.egg-info/PKG-INFO
[0.743s] writing dependency_links to day8.egg-info/dependency_links.txt
[0.743s] writing top-level names to day8.egg-info/top_level.txt
[0.773s] reading manifest file 'day8.egg-info/SOURCES.txt'
[0.774s] writing manifest file 'day8.egg-info/SOURCES.txt'
[0.788s] [100%] Built target ament_cmake_python_build_day8_egg
[0.794s] Invoked command in '/home/yalcinolgac/ros2_ws/src/day8/build/day8' returned '0': CMAKE_PREFIX_PATH=${CMAKE_PREFIX_PATH}:/opt/ros/jazzy DEBUGINFOD_URLS=https://debuginfod.ubuntu.com /usr/bin/cmake --build /home/yalcinolgac/ros2_ws/src/day8/build/day8 -- -j32 -l32
[0.800s] Invoking command in '/home/yalcinolgac/ros2_ws/src/day8/build/day8': CMAKE_PREFIX_PATH=${CMAKE_PREFIX_PATH}:/opt/ros/jazzy DEBUGINFOD_URLS=https://debuginfod.ubuntu.com /usr/bin/cmake --install /home/yalcinolgac/ros2_ws/src/day8/build/day8
[0.807s] -- Install configuration: ""
[0.807s] -- Execute custom install script
[0.807s] -- Up-to-date symlink: /home/yalcinolgac/ros2_ws/src/day8/install/day8/lib/day8/simple_robot_controller_cpp
[0.807s] -- Up-to-date symlink: /home/yalcinolgac/ros2_ws/src/day8/install/day8/share/day8/environment/pythonpath.sh
[0.807s] -- Up-to-date symlink: /home/yalcinolgac/ros2_ws/src/day8/install/day8/share/day8/environment/pythonpath.dsv
[0.807s] -- Up-to-date symlink: /home/yalcinolgac/ros2_ws/src/day8/install/day8/lib/python3.12/site-packages/day8-1.0.0-py3.12.egg-info/PKG-INFO
[0.807s] -- Up-to-date symlink: /home/yalcinolgac/ros2_ws/src/day8/install/day8/lib/python3.12/site-packages/day8-1.0.0-py3.12.egg-info/SOURCES.txt
[0.807s] -- Up-to-date symlink: /home/yalcinolgac/ros2_ws/src/day8/install/day8/lib/python3.12/site-packages/day8-1.0.0-py3.12.egg-info/dependency_links.txt
[0.807s] -- Up-to-date symlink: /home/yalcinolgac/ros2_ws/src/day8/install/day8/lib/python3.12/site-packages/day8-1.0.0-py3.12.egg-info/top_level.txt
[0.807s] -- Up-to-date symlink: /home/yalcinolgac/ros2_ws/src/day8/install/day8/lib/python3.12/site-packages/day8/__init__.py
[0.807s] -- Up-to-date symlink: /home/yalcinolgac/ros2_ws/src/day8/install/day8/lib/python3.12/site-packages/day8/simple_robot_controller.py
[0.807s] -- Up-to-date symlink: /home/yalcinolgac/ros2_ws/src/day8/install/day8/lib/day8/simple_robot_controller.py
[0.807s] -- Symlinking: /home/yalcinolgac/ros2_ws/src/day8/install/day8/share/day8/urdf/simple_robot.urdf
[0.811s] -- Symlinking: /home/yalcinolgac/ros2_ws/src/day8/install/day8/share/day8/launch/controller.py
[0.816s] -- Symlinking: /home/yalcinolgac/ros2_ws/src/day8/install/day8/share/day8/launch/robot_visualization.py
[0.822s] -- Symlinking: /home/yalcinolgac/ros2_ws/src/day8/install/day8/share/day8/rviz/robot_visualization.rviz
[0.827s] -- Up-to-date symlink: /home/yalcinolgac/ros2_ws/src/day8/install/day8/share/ament_index/resource_index/package_run_dependencies/day8
[0.827s] -- Up-to-date symlink: /home/yalcinolgac/ros2_ws/src/day8/install/day8/share/ament_index/resource_index/parent_prefix_path/day8
[0.827s] -- Up-to-date symlink: /home/yalcinolgac/ros2_ws/src/day8/install/day8/share/day8/environment/ament_prefix_path.sh
[0.827s] -- Up-to-date symlink: /home/yalcinolgac/ros2_ws/src/day8/install/day8/share/day8/environment/ament_prefix_path.dsv
[0.827s] -- Up-to-date symlink: /home/yalcinolgac/ros2_ws/src/day8/install/day8/share/day8/environment/path.sh
[0.827s] -- Up-to-date symlink: /home/yalcinolgac/ros2_ws/src/day8/install/day8/share/day8/environment/path.dsv
[0.827s] -- Up-to-date symlink: /home/yalcinolgac/ros2_ws/src/day8/install/day8/share/day8/local_setup.bash
[0.827s] -- Up-to-date symlink: /home/yalcinolgac/ros2_ws/src/day8/install/day8/share/day8/local_setup.sh
[0.827s] -- Up-to-date symlink: /home/yalcinolgac/ros2_ws/src/day8/install/day8/share/day8/local_setup.zsh
[0.827s] -- Up-to-date symlink: /home/yalcinolgac/ros2_ws/src/day8/install/day8/share/day8/local_setup.dsv
[0.827s] -- Symlinking: /home/yalcinolgac/ros2_ws/src/day8/install/day8/share/day8/package.dsv
[0.832s] -- Up-to-date symlink: /home/yalcinolgac/ros2_ws/src/day8/install/day8/share/ament_index/resource_index/packages/day8
[0.833s] -- Up-to-date symlink: /home/yalcinolgac/ros2_ws/src/day8/install/day8/share/day8/cmake/day8Config.cmake
[0.833s] -- Up-to-date symlink: /home/yalcinolgac/ros2_ws/src/day8/install/day8/share/day8/cmake/day8Config-version.cmake
[0.833s] -- Up-to-date symlink: /home/yalcinolgac/ros2_ws/src/day8/install/day8/share/day8/package.xml
[0.857s] Listing '/home/yalcinolgac/ros2_ws/src/day8/install/day8/lib/python3.12/site-packages/day8'...
[0.861s] Invoked command in '/home/yalcinolgac/ros2_ws/src/day8/build/day8' returned '0': CMAKE_PREFIX_PATH=${CMAKE_PREFIX_PATH}:/opt/ros/jazzy DEBUGINFOD_URLS=https://debuginfod.ubuntu.com /usr/bin/cmake --install /home/yalcinolgac/ros2_ws/src/day8/build/day8
