[0.011s] Invoking command in '/home/yalcinolgac/ros2_ws/build/day5': CMAKE_PREFIX_PATH=${CMAKE_PREFIX_PATH}:/opt/ros/jazzy DEBUGINFOD_URLS=https://debuginfod.ubuntu.com /usr/bin/cmake /home/yalcinolgac/ros2_ws/src/day5 -DCMAKE_INSTALL_PREFIX=/home/yalcinolgac/ros2_ws/install/day5
[0.049s] -- Found ament_cmake: 2.5.4 (/opt/ros/jazzy/share/ament_cmake/cmake)
[0.194s] -- Found rclcpp: 28.1.9 (/opt/ros/jazzy/share/rclcpp/cmake)
[0.245s] -- Found rosidl_generator_c: 4.6.5 (/opt/ros/jazzy/share/rosidl_generator_c/cmake)
[0.252s] -- Found rosidl_generator_cpp: 4.6.5 (/opt/ros/jazzy/share/rosidl_generator_cpp/cmake)
[0.263s] -- Using all available rosidl_typesupport_c: rosidl_typesupport_fastrtps_c;rosidl_typesupport_introspection_c
[0.275s] -- Using all available rosidl_typesupport_cpp: rosidl_typesupport_fastrtps_cpp;rosidl_typesupport_introspection_cpp
[0.330s] -- Found rmw_implementation_cmake: 7.3.2 (/opt/ros/jazzy/share/rmw_implementation_cmake/cmake)
[0.332s] -- Found rmw_fastrtps_cpp: 8.4.2 (/opt/ros/jazzy/share/rmw_fastrtps_cpp/cmake)
[0.387s] -- Using RMW implementation 'rmw_fastrtps_cpp' as default
[0.441s] -- Found std_msgs: 5.3.6 (/opt/ros/jazzy/share/std_msgs/cmake)
[0.453s] -- Found geometry_msgs: 5.3.6 (/opt/ros/jazzy/share/geometry_msgs/cmake)
[0.464s] -- Found rclcpp_components: 28.1.9 (/opt/ros/jazzy/share/rclcpp_components/cmake)
[0.488s] -- Found ament_lint_auto: 0.17.2 (/opt/ros/jazzy/share/ament_lint_auto/cmake)
[0.551s] -- Added test 'copyright' to check source files copyright and LICENSE
[0.552s] -- Added test 'cppcheck' to perform static code analysis on C / C++ code
[0.552s] -- Configured cppcheck include dirs: 
[0.552s] -- Configured cppcheck exclude dirs and/or files: 
[0.553s] -- Added test 'cpplint' to check C / C++ code against the Google style
[0.553s] -- Configured cpplint exclude dirs and/or files: 
[0.553s] -- Added test 'flake8' to check Python code syntax and style conventions
[0.553s] -- Configured 'flake8' exclude dirs and/or files: 
[0.554s] -- Added test 'lint_cmake' to check CMake code style
[0.554s] -- Added test 'pep257' to check Python code against some of the docstring style conventions in PEP 257
[0.555s] -- Added test 'uncrustify' to check C / C++ code style
[0.555s] -- Configured uncrustify additional arguments: 
[0.555s] -- Added test 'xmllint' to check XML markup files
[0.557s] -- Configuring done (0.5s)
[0.561s] [31mCMake Error at CMakeLists.txt:52 (add_executable):
[0.561s]   Cannot find source file:
[0.561s] 
[0.561s]     src/configurable_publisher.cpp
[0.561s] 
[0.561s]   Tried extensions .c .C .c++ .cc .cpp .cxx .cu .mpp .m .M .mm .ixx .cppm
[0.561s]   .ccm .cxxm .c++m .h .hh .h++ .hm .hpp .hxx .in .txx .f .F .for .f77 .f90
[0.561s]   .f95 .f03 .hip .ispc
[0.561s] 
[0.561s] [0m
[0.561s] [31mCMake Error at CMakeLists.txt:60 (add_executable):
[0.561s]   Cannot find source file:
[0.561s] 
[0.561s]     src/multi_node_example.cpp
[0.561s] 
[0.561s]   Tried extensions .c .C .c++ .cc .cpp .cxx .cu .mpp .m .M .mm .ixx .cppm
[0.561s]   .ccm .cxxm .c++m .h .hh .h++ .hm .hpp .hxx .in .txx .f .F .for .f77 .f90
[0.561s]   .f95 .f03 .hip .ispc
[0.561s] 
[0.562s] [0m
[0.562s] [31mCMake Error at CMakeLists.txt:52 (add_executable):
[0.562s]   No SOURCES given to target: configurable_publisher
[0.562s] 
[0.562s] [0m
[0.562s] [31mCMake Error at CMakeLists.txt:60 (add_executable):
[0.562s]   No SOURCES given to target: multi_node_example
[0.562s] 
[0.562s] [0m
[0.562s] [0mCMake Generate step failed.  Build files cannot be regenerated correctly.[0m
[0.571s] Invoked command in '/home/yalcinolgac/ros2_ws/build/day5' returned '1': CMAKE_PREFIX_PATH=${CMAKE_PREFIX_PATH}:/opt/ros/jazzy DEBUGINFOD_URLS=https://debuginfod.ubuntu.com /usr/bin/cmake /home/yalcinolgac/ros2_ws/src/day5 -DCMAKE_INSTALL_PREFIX=/home/yalcinolgac/ros2_ws/install/day5
