[0.008s] Invoking command in '/home/yalcinolgac/ros2_ws/build/day7': CMAKE_PREFIX_PATH=${CMAKE_PREFIX_PATH}:/opt/ros/jazzy DEBUGINFOD_URLS=https://debuginfod.ubuntu.com /usr/bin/cmake /home/yalcinolgac/ros2_ws/src/day7 -DCMAKE_INSTALL_PREFIX=/home/yalcinolgac/ros2_ws/install/day7
[0.037s] -- The C compiler identification is GNU 13.3.0
[0.063s] -- The CXX compiler identification is GNU 13.3.0
[0.072s] -- Detecting C compiler ABI info
[0.120s] -- Detecting C compiler ABI info - done
[0.124s] -- Check for working C compiler: /usr/bin/cc - skipped
[0.125s] -- Detecting C compile features
[0.125s] -- Detecting C compile features - done
[0.130s] -- Detecting CXX compiler ABI info
[0.182s] -- Detecting CXX compiler ABI info - done
[0.186s] -- Check for working CXX compiler: /usr/bin/c++ - skipped
[0.186s] -- Detecting CXX compile features
[0.186s] -- Detecting CXX compile features - done
[0.189s] -- Found ament_cmake: 2.5.4 (/opt/ros/jazzy/share/ament_cmake/cmake)
[0.268s] -- Found Python3: /usr/bin/python3 (found version "3.12.3") found components: Interpreter 
[0.377s] -- Configuring done (0.4s)
[0.379s] -- Generating done (0.0s)
[0.380s] -- Build files have been written to: /home/yalcinolgac/ros2_ws/build/day7
[0.383s] Invoked command in '/home/yalcinolgac/ros2_ws/build/day7' returned '0': CMAKE_PREFIX_PATH=${CMAKE_PREFIX_PATH}:/opt/ros/jazzy DEBUGINFOD_URLS=https://debuginfod.ubuntu.com /usr/bin/cmake /home/yalcinolgac/ros2_ws/src/day7 -DCMAKE_INSTALL_PREFIX=/home/yalcinolgac/ros2_ws/install/day7
[0.383s] Invoking command in '/home/yalcinolgac/ros2_ws/build/day7': CMAKE_PREFIX_PATH=${CMAKE_PREFIX_PATH}:/opt/ros/jazzy DEBUGINFOD_URLS=https://debuginfod.ubuntu.com /usr/bin/cmake --build /home/yalcinolgac/ros2_ws/build/day7 -- -j32 -l32
[0.405s] Invoked command in '/home/yalcinolgac/ros2_ws/build/day7' returned '0': CMAKE_PREFIX_PATH=${CMAKE_PREFIX_PATH}:/opt/ros/jazzy DEBUGINFOD_URLS=https://debuginfod.ubuntu.com /usr/bin/cmake --build /home/yalcinolgac/ros2_ws/build/day7 -- -j32 -l32
[0.410s] Invoking command in '/home/yalcinolgac/ros2_ws/build/day7': CMAKE_PREFIX_PATH=${CMAKE_PREFIX_PATH}:/opt/ros/jazzy DEBUGINFOD_URLS=https://debuginfod.ubuntu.com /usr/bin/cmake --install /home/yalcinolgac/ros2_ws/build/day7
[0.414s] -- Install configuration: ""
[0.414s] -- Installing: /home/yalcinolgac/ros2_ws/install/day7/share/day7//worlds
[0.415s] -- Installing: /home/yalcinolgac/ros2_ws/install/day7/share/day7//worlds/my_world.sdf
[0.415s] -- Installing: /home/yalcinolgac/ros2_ws/install/day7/share/day7//launch
[0.415s] -- Installing: /home/yalcinolgac/ros2_ws/install/day7/share/day7//launch/gazebo.py
[0.415s] -- Installing: /home/yalcinolgac/ros2_ws/install/day7/share/ament_index/resource_index/package_run_dependencies/day7
[0.415s] -- Installing: /home/yalcinolgac/ros2_ws/install/day7/share/ament_index/resource_index/parent_prefix_path/day7
[0.415s] -- Installing: /home/yalcinolgac/ros2_ws/install/day7/share/day7/environment/ament_prefix_path.sh
[0.415s] -- Installing: /home/yalcinolgac/ros2_ws/install/day7/share/day7/environment/ament_prefix_path.dsv
[0.416s] -- Installing: /home/yalcinolgac/ros2_ws/install/day7/share/day7/environment/path.sh
[0.416s] -- Installing: /home/yalcinolgac/ros2_ws/install/day7/share/day7/environment/path.dsv
[0.416s] -- Installing: /home/yalcinolgac/ros2_ws/install/day7/share/day7/local_setup.bash
[0.416s] -- Installing: /home/yalcinolgac/ros2_ws/install/day7/share/day7/local_setup.sh
[0.416s] -- Installing: /home/yalcinolgac/ros2_ws/install/day7/share/day7/local_setup.zsh
[0.416s] -- Installing: /home/yalcinolgac/ros2_ws/install/day7/share/day7/local_setup.dsv
[0.416s] -- Installing: /home/yalcinolgac/ros2_ws/install/day7/share/day7/package.dsv
[0.416s] -- Installing: /home/yalcinolgac/ros2_ws/install/day7/share/ament_index/resource_index/packages/day7
[0.416s] -- Installing: /home/yalcinolgac/ros2_ws/install/day7/share/day7/cmake/day7Config.cmake
[0.416s] -- Installing: /home/yalcinolgac/ros2_ws/install/day7/share/day7/cmake/day7Config-version.cmake
[0.416s] -- Installing: /home/yalcinolgac/ros2_ws/install/day7/share/day7/package.xml
[0.418s] Invoked command in '/home/yalcinolgac/ros2_ws/build/day7' returned '0': CMAKE_PREFIX_PATH=${CMAKE_PREFIX_PATH}:/opt/ros/jazzy DEBUGINFOD_URLS=https://debuginfod.ubuntu.com /usr/bin/cmake --install /home/yalcinolgac/ros2_ws/build/day7
