-- Found ament_cmake: 2.5.4 (/opt/ros/jazzy/share/ament_cmake/cmake)
-- Found rclcpp: 28.1.9 (/opt/ros/jazzy/share/rclcpp/cmake)
-- Found rosidl_generator_c: 4.6.5 (/opt/ros/jazzy/share/rosidl_generator_c/cmake)
-- Found rosidl_generator_cpp: 4.6.5 (/opt/ros/jazzy/share/rosidl_generator_cpp/cmake)
-- Using all available rosidl_typesupport_c: rosidl_typesupport_fastrtps_c;rosidl_typesupport_introspection_c
-- Using all available rosidl_typesupport_cpp: rosidl_typesupport_fastrtps_cpp;rosidl_typesupport_introspection_cpp
-- Found rmw_implementation_cmake: 7.3.2 (/opt/ros/jazzy/share/rmw_implementation_cmake/cmake)
-- Found rmw_fastrtps_cpp: 8.4.2 (/opt/ros/jazzy/share/rmw_fastrtps_cpp/cmake)
-- Using RMW implementation 'rmw_fastrtps_cpp' as default
-- Found std_msgs: 5.3.6 (/opt/ros/jazzy/share/std_msgs/cmake)
-- Found geometry_msgs: 5.3.6 (/opt/ros/jazzy/share/geometry_msgs/cmake)
-- Found rclcpp_components: 28.1.9 (/opt/ros/jazzy/share/rclcpp_components/cmake)
-- Found ament_lint_auto: 0.17.2 (/opt/ros/jazzy/share/ament_lint_auto/cmake)
-- Added test 'copyright' to check source files copyright and LICENSE
-- Added test 'cppcheck' to perform static code analysis on C / C++ code
-- Configured cppcheck include dirs: 
-- Configured cppcheck exclude dirs and/or files: 
-- Added test 'cpplint' to check C / C++ code against the Google style
-- Configured cpplint exclude dirs and/or files: 
-- Added test 'flake8' to check Python code syntax and style conventions
-- Configured 'flake8' exclude dirs and/or files: 
-- Added test 'lint_cmake' to check CMake code style
-- Added test 'pep257' to check Python code against some of the docstring style conventions in PEP 257
-- Added test 'uncrustify' to check C / C++ code style
-- Configured uncrustify additional arguments: 
-- Added test 'xmllint' to check XML markup files
-- Configuring done (0.5s)
-- Generating done (0.0s)
-- Build files have been written to: /home/yalcinolgac/ros2_ws/build/day5
[ 25%] [32mBuilding CXX object CMakeFiles/parameter_publisher.dir/src/parameter_publisher.cpp.o[0m
[ 25%] [32mBuilding CXX object CMakeFiles/parameter_subscriber.dir/src/parameter_subscriber.cpp.o[0m
[ 37%] [32mBuilding CXX object CMakeFiles/configurable_publisher.dir/src/configurable_publisher.cpp.o[0m
[ 50%] [32mBuilding CXX object CMakeFiles/multi_node_example.dir/src/multi_node_example.cpp.o[0m
[ 62%] [32m[1mLinking CXX executable parameter_publisher[0m
[ 62%] Built target parameter_publisher
[ 75%] [32m[1mLinking CXX executable configurable_publisher[0m
[ 75%] Built target configurable_publisher
[ 87%] [32m[1mLinking CXX executable parameter_subscriber[0m
[ 87%] Built target parameter_subscriber
[100%] [32m[1mLinking CXX executable multi_node_example[0m
[100%] Built target multi_node_example
-- Install configuration: ""
-- Installing: /home/yalcinolgac/ros2_ws/install/day5/lib/day5/parameter_publisher
-- Set non-toolchain portion of runtime path of "/home/yalcinolgac/ros2_ws/install/day5/lib/day5/parameter_publisher" to ""
-- Installing: /home/yalcinolgac/ros2_ws/install/day5/lib/day5/parameter_subscriber
-- Set non-toolchain portion of runtime path of "/home/yalcinolgac/ros2_ws/install/day5/lib/day5/parameter_subscriber" to ""
-- Installing: /home/yalcinolgac/ros2_ws/install/day5/lib/day5/configurable_publisher
-- Set non-toolchain portion of runtime path of "/home/yalcinolgac/ros2_ws/install/day5/lib/day5/configurable_publisher" to ""
-- Installing: /home/yalcinolgac/ros2_ws/install/day5/lib/day5/multi_node_example
-- Set non-toolchain portion of runtime path of "/home/yalcinolgac/ros2_ws/install/day5/lib/day5/multi_node_example" to ""
-- Installing: /home/yalcinolgac/ros2_ws/install/day5/share/day5//launch
-- Installing: /home/yalcinolgac/ros2_ws/install/day5/share/day5//launch/simple_launch.py
-- Installing: /home/yalcinolgac/ros2_ws/install/day5/share/day5//launch/advanced_launch.py  
-- Installing: /home/yalcinolgac/ros2_ws/install/day5/share/day5//config
-- Installing: /home/yalcinolgac/ros2_ws/install/day5/share/day5//config/params.yaml
-- Installing: /home/yalcinolgac/ros2_ws/install/day5/share/ament_index/resource_index/package_run_dependencies/day5
-- Installing: /home/yalcinolgac/ros2_ws/install/day5/share/ament_index/resource_index/parent_prefix_path/day5
-- Installing: /home/yalcinolgac/ros2_ws/install/day5/share/day5/environment/ament_prefix_path.sh
-- Installing: /home/yalcinolgac/ros2_ws/install/day5/share/day5/environment/ament_prefix_path.dsv
-- Installing: /home/yalcinolgac/ros2_ws/install/day5/share/day5/environment/path.sh
-- Installing: /home/yalcinolgac/ros2_ws/install/day5/share/day5/environment/path.dsv
-- Installing: /home/yalcinolgac/ros2_ws/install/day5/share/day5/local_setup.bash
-- Installing: /home/yalcinolgac/ros2_ws/install/day5/share/day5/local_setup.sh
-- Installing: /home/yalcinolgac/ros2_ws/install/day5/share/day5/local_setup.zsh
-- Installing: /home/yalcinolgac/ros2_ws/install/day5/share/day5/local_setup.dsv
-- Installing: /home/yalcinolgac/ros2_ws/install/day5/share/day5/package.dsv
-- Installing: /home/yalcinolgac/ros2_ws/install/day5/share/ament_index/resource_index/packages/day5
-- Installing: /home/yalcinolgac/ros2_ws/install/day5/share/day5/cmake/day5Config.cmake
-- Installing: /home/yalcinolgac/ros2_ws/install/day5/share/day5/cmake/day5Config-version.cmake
-- Installing: /home/yalcinolgac/ros2_ws/install/day5/share/day5/package.xml
