[0.010s] Invoking command in '/home/yalcinolgac/ros2_ws/build/day5': CMAKE_PREFIX_PATH=${CMAKE_PREFIX_PATH}:/opt/ros/jazzy DEBUGINFOD_URLS=https://debuginfod.ubuntu.com /usr/bin/cmake /home/yalcinolgac/ros2_ws/src/day5 -DCMAKE_INSTALL_PREFIX=/home/yalcinolgac/ros2_ws/install/day5
[0.049s] -- Found ament_cmake: 2.5.4 (/opt/ros/jazzy/share/ament_cmake/cmake)
[0.182s] -- Found rclcpp: 28.1.9 (/opt/ros/jazzy/share/rclcpp/cmake)
[0.230s] -- Found rosidl_generator_c: 4.6.5 (/opt/ros/jazzy/share/rosidl_generator_c/cmake)
[0.238s] -- Found rosidl_generator_cpp: 4.6.5 (/opt/ros/jazzy/share/rosidl_generator_cpp/cmake)
[0.249s] -- Using all available rosidl_typesupport_c: rosidl_typesupport_fastrtps_c;rosidl_typesupport_introspection_c
[0.260s] -- Using all available rosidl_typesupport_cpp: rosidl_typesupport_fastrtps_cpp;rosidl_typesupport_introspection_cpp
[0.305s] -- Found rmw_implementation_cmake: 7.3.2 (/opt/ros/jazzy/share/rmw_implementation_cmake/cmake)
[0.307s] -- Found rmw_fastrtps_cpp: 8.4.2 (/opt/ros/jazzy/share/rmw_fastrtps_cpp/cmake)
[0.354s] -- Using RMW implementation 'rmw_fastrtps_cpp' as default
[0.406s] -- Found std_msgs: 5.3.6 (/opt/ros/jazzy/share/std_msgs/cmake)
[0.416s] -- Found geometry_msgs: 5.3.6 (/opt/ros/jazzy/share/geometry_msgs/cmake)
[0.428s] -- Found rclcpp_components: 28.1.9 (/opt/ros/jazzy/share/rclcpp_components/cmake)
[0.452s] -- Found ament_lint_auto: 0.17.2 (/opt/ros/jazzy/share/ament_lint_auto/cmake)
[0.508s] -- Added test 'copyright' to check source files copyright and LICENSE
[0.509s] -- Added test 'cppcheck' to perform static code analysis on C / C++ code
[0.509s] -- Configured cppcheck include dirs: 
[0.509s] -- Configured cppcheck exclude dirs and/or files: 
[0.510s] -- Added test 'cpplint' to check C / C++ code against the Google style
[0.510s] -- Configured cpplint exclude dirs and/or files: 
[0.510s] -- Added test 'flake8' to check Python code syntax and style conventions
[0.511s] -- Configured 'flake8' exclude dirs and/or files: 
[0.511s] -- Added test 'lint_cmake' to check CMake code style
[0.511s] -- Added test 'pep257' to check Python code against some of the docstring style conventions in PEP 257
[0.512s] -- Added test 'uncrustify' to check C / C++ code style
[0.512s] -- Configured uncrustify additional arguments: 
[0.512s] -- Added test 'xmllint' to check XML markup files
[0.514s] -- Configuring done (0.5s)
[0.528s] -- Generating done (0.0s)
[0.532s] -- Build files have been written to: /home/yalcinolgac/ros2_ws/build/day5
[0.541s] Invoked command in '/home/yalcinolgac/ros2_ws/build/day5' returned '0': CMAKE_PREFIX_PATH=${CMAKE_PREFIX_PATH}:/opt/ros/jazzy DEBUGINFOD_URLS=https://debuginfod.ubuntu.com /usr/bin/cmake /home/yalcinolgac/ros2_ws/src/day5 -DCMAKE_INSTALL_PREFIX=/home/yalcinolgac/ros2_ws/install/day5
[0.542s] Invoking command in '/home/yalcinolgac/ros2_ws/build/day5': CMAKE_PREFIX_PATH=${CMAKE_PREFIX_PATH}:/opt/ros/jazzy DEBUGINFOD_URLS=https://debuginfod.ubuntu.com /usr/bin/cmake --build /home/yalcinolgac/ros2_ws/build/day5 -- -j32 -l32
[0.571s] [ 25%] [32mBuilding CXX object CMakeFiles/parameter_publisher.dir/src/parameter_publisher.cpp.o[0m
[0.571s] [ 25%] [32mBuilding CXX object CMakeFiles/parameter_subscriber.dir/src/parameter_subscriber.cpp.o[0m
[0.571s] [ 37%] [32mBuilding CXX object CMakeFiles/configurable_publisher.dir/src/configurable_publisher.cpp.o[0m
[0.572s] [ 50%] [32mBuilding CXX object CMakeFiles/multi_node_example.dir/src/multi_node_example.cpp.o[0m
[3.176s] [ 62%] [32m[1mLinking CXX executable parameter_publisher[0m
[3.321s] [ 62%] Built target parameter_publisher
[4.142s] [ 75%] [32m[1mLinking CXX executable configurable_publisher[0m
[4.262s] [ 75%] Built target configurable_publisher
[4.826s] [ 87%] [32m[1mLinking CXX executable parameter_subscriber[0m
[4.954s] [ 87%] Built target parameter_subscriber
[5.084s] [100%] [32m[1mLinking CXX executable multi_node_example[0m
[5.211s] [100%] Built target multi_node_example
[5.231s] Invoked command in '/home/yalcinolgac/ros2_ws/build/day5' returned '0': CMAKE_PREFIX_PATH=${CMAKE_PREFIX_PATH}:/opt/ros/jazzy DEBUGINFOD_URLS=https://debuginfod.ubuntu.com /usr/bin/cmake --build /home/yalcinolgac/ros2_ws/build/day5 -- -j32 -l32
[5.237s] Invoking command in '/home/yalcinolgac/ros2_ws/build/day5': CMAKE_PREFIX_PATH=${CMAKE_PREFIX_PATH}:/opt/ros/jazzy DEBUGINFOD_URLS=https://debuginfod.ubuntu.com /usr/bin/cmake --install /home/yalcinolgac/ros2_ws/build/day5
[5.241s] -- Install configuration: ""
[5.242s] -- Installing: /home/yalcinolgac/ros2_ws/install/day5/lib/day5/parameter_publisher
[5.243s] -- Set non-toolchain portion of runtime path of "/home/yalcinolgac/ros2_ws/install/day5/lib/day5/parameter_publisher" to ""
[5.243s] -- Installing: /home/yalcinolgac/ros2_ws/install/day5/lib/day5/parameter_subscriber
[5.245s] -- Set non-toolchain portion of runtime path of "/home/yalcinolgac/ros2_ws/install/day5/lib/day5/parameter_subscriber" to ""
[5.245s] -- Installing: /home/yalcinolgac/ros2_ws/install/day5/lib/day5/configurable_publisher
[5.246s] -- Set non-toolchain portion of runtime path of "/home/yalcinolgac/ros2_ws/install/day5/lib/day5/configurable_publisher" to ""
[5.246s] -- Installing: /home/yalcinolgac/ros2_ws/install/day5/lib/day5/multi_node_example
[5.248s] -- Set non-toolchain portion of runtime path of "/home/yalcinolgac/ros2_ws/install/day5/lib/day5/multi_node_example" to ""
[5.248s] -- Installing: /home/yalcinolgac/ros2_ws/install/day5/share/day5//launch
[5.248s] -- Installing: /home/yalcinolgac/ros2_ws/install/day5/share/day5//launch/simple_launch.py
[5.249s] -- Installing: /home/yalcinolgac/ros2_ws/install/day5/share/day5//launch/advanced_launch.py  
[5.250s] -- Installing: /home/yalcinolgac/ros2_ws/install/day5/share/day5//config
[5.250s] -- Installing: /home/yalcinolgac/ros2_ws/install/day5/share/day5//config/params.yaml
[5.251s] -- Installing: /home/yalcinolgac/ros2_ws/install/day5/share/ament_index/resource_index/package_run_dependencies/day5
[5.251s] -- Installing: /home/yalcinolgac/ros2_ws/install/day5/share/ament_index/resource_index/parent_prefix_path/day5
[5.251s] -- Installing: /home/yalcinolgac/ros2_ws/install/day5/share/day5/environment/ament_prefix_path.sh
[5.252s] -- Installing: /home/yalcinolgac/ros2_ws/install/day5/share/day5/environment/ament_prefix_path.dsv
[5.252s] -- Installing: /home/yalcinolgac/ros2_ws/install/day5/share/day5/environment/path.sh
[5.252s] -- Installing: /home/yalcinolgac/ros2_ws/install/day5/share/day5/environment/path.dsv
[5.252s] -- Installing: /home/yalcinolgac/ros2_ws/install/day5/share/day5/local_setup.bash
[5.252s] -- Installing: /home/yalcinolgac/ros2_ws/install/day5/share/day5/local_setup.sh
[5.252s] -- Installing: /home/yalcinolgac/ros2_ws/install/day5/share/day5/local_setup.zsh
[5.252s] -- Installing: /home/yalcinolgac/ros2_ws/install/day5/share/day5/local_setup.dsv
[5.252s] -- Installing: /home/yalcinolgac/ros2_ws/install/day5/share/day5/package.dsv
[5.252s] -- Installing: /home/yalcinolgac/ros2_ws/install/day5/share/ament_index/resource_index/packages/day5
[5.252s] -- Installing: /home/yalcinolgac/ros2_ws/install/day5/share/day5/cmake/day5Config.cmake
[5.252s] -- Installing: /home/yalcinolgac/ros2_ws/install/day5/share/day5/cmake/day5Config-version.cmake
[5.252s] -- Installing: /home/yalcinolgac/ros2_ws/install/day5/share/day5/package.xml
[5.254s] Invoked command in '/home/yalcinolgac/ros2_ws/build/day5' returned '0': CMAKE_PREFIX_PATH=${CMAKE_PREFIX_PATH}:/opt/ros/jazzy DEBUGINFOD_URLS=https://debuginfod.ubuntu.com /usr/bin/cmake --install /home/yalcinolgac/ros2_ws/build/day5
