[0.056s] DEBUG:colcon:Command line arguments: ['/usr/bin/colcon', 'build', '--packages-select', 'day8', '--symlink-install']
[0.056s] DEBUG:colcon:Parsed command line arguments: Namespace(log_base=None, log_level=None, verb_name='build', build_base='build', install_base='install', merge_install=False, symlink_install=True, test_result_base=None, continue_on_error=False, executor='parallel', parallel_workers=32, event_handlers=None, ignore_user_meta=False, metas=['./colcon.meta'], base_paths=['.'], packages_ignore=None, packages_ignore_regex=None, paths=None, packages_up_to=None, packages_up_to_regex=None, packages_above=None, packages_above_and_dependencies=None, packages_above_depth=None, packages_select_by_dep=None, packages_skip_by_dep=None, packages_skip_up_to=None, packages_select_build_failed=False, packages_skip_build_finished=False, packages_select_test_failures=False, packages_skip_test_passed=False, packages_select=['day8'], packages_skip=None, packages_select_regex=None, packages_skip_regex=None, packages_start=None, packages_end=None, allow_overriding=[], cmake_args=None, cmake_target=None, cmake_target_skip_unavailable=False, cmake_clean_cache=False, cmake_clean_first=False, cmake_force_configure=False, ament_cmake_args=None, catkin_cmake_args=None, catkin_skip_building_tests=False, mixin_files=None, mixin=None, verb_parser=<colcon_mixin.mixin.mixin_argument.MixinArgumentDecorator object at 0x71dbbbda0cb0>, verb_extension=<colcon_core.verb.build.BuildVerb object at 0x71dbbbda0980>, main=<bound method BuildVerb.main of <colcon_core.verb.build.BuildVerb object at 0x71dbbbda0980>>, mixin_verb=('build',))
[0.076s] Level 1:colcon.colcon_core.package_discovery:discover_packages(colcon_meta) check parameters
[0.076s] Level 1:colcon.colcon_core.package_discovery:discover_packages(recursive) check parameters
[0.077s] Level 1:colcon.colcon_core.package_discovery:discover_packages(ignore) check parameters
[0.077s] Level 1:colcon.colcon_core.package_discovery:discover_packages(path) check parameters
[0.077s] Level 1:colcon.colcon_core.package_discovery:discover_packages(colcon_meta) discover
[0.077s] Level 1:colcon.colcon_core.package_discovery:discover_packages(recursive) discover
[0.077s] INFO:colcon.colcon_core.package_discovery:Crawling recursively for packages in '/home/yalcinolgac/ros2_ws'
[0.077s] Level 1:colcon.colcon_core.package_identification:_identify(.) by extensions ['ignore', 'ignore_ament_install']
[0.077s] Level 1:colcon.colcon_core.package_identification:_identify(.) by extension 'ignore'
[0.077s] Level 1:colcon.colcon_core.package_identification:_identify(.) by extension 'ignore_ament_install'
[0.077s] Level 1:colcon.colcon_core.package_identification:_identify(.) by extensions ['colcon_pkg']
[0.077s] Level 1:colcon.colcon_core.package_identification:_identify(.) by extension 'colcon_pkg'
[0.077s] Level 1:colcon.colcon_core.package_identification:_identify(.) by extensions ['colcon_meta']
[0.077s] Level 1:colcon.colcon_core.package_identification:_identify(.) by extension 'colcon_meta'
[0.077s] Level 1:colcon.colcon_core.package_identification:_identify(.) by extensions ['ros']
[0.077s] Level 1:colcon.colcon_core.package_identification:_identify(.) by extension 'ros'
[0.091s] Level 1:colcon.colcon_core.package_identification:_identify(.) by extensions ['cmake', 'python']
[0.091s] Level 1:colcon.colcon_core.package_identification:_identify(.) by extension 'cmake'
[0.091s] Level 1:colcon.colcon_core.package_identification:_identify(.) by extension 'python'
[0.091s] Level 1:colcon.colcon_core.package_identification:_identify(.) by extensions ['python_setup_py']
[0.091s] Level 1:colcon.colcon_core.package_identification:_identify(.) by extension 'python_setup_py'
[0.091s] Level 1:colcon.colcon_core.package_identification:_identify(build) by extensions ['ignore', 'ignore_ament_install']
[0.091s] Level 1:colcon.colcon_core.package_identification:_identify(build) by extension 'ignore'
[0.091s] Level 1:colcon.colcon_core.package_identification:_identify(build) ignored
[0.091s] Level 1:colcon.colcon_core.package_identification:_identify(install) by extensions ['ignore', 'ignore_ament_install']
[0.091s] Level 1:colcon.colcon_core.package_identification:_identify(install) by extension 'ignore'
[0.091s] Level 1:colcon.colcon_core.package_identification:_identify(install) ignored
[0.091s] Level 1:colcon.colcon_core.package_identification:_identify(log) by extensions ['ignore', 'ignore_ament_install']
[0.091s] Level 1:colcon.colcon_core.package_identification:_identify(log) by extension 'ignore'
[0.091s] Level 1:colcon.colcon_core.package_identification:_identify(log) ignored
[0.091s] Level 1:colcon.colcon_core.package_identification:_identify(src) by extensions ['ignore', 'ignore_ament_install']
[0.091s] Level 1:colcon.colcon_core.package_identification:_identify(src) by extension 'ignore'
[0.091s] Level 1:colcon.colcon_core.package_identification:_identify(src) by extension 'ignore_ament_install'
[0.091s] Level 1:colcon.colcon_core.package_identification:_identify(src) by extensions ['colcon_pkg']
[0.091s] Level 1:colcon.colcon_core.package_identification:_identify(src) by extension 'colcon_pkg'
[0.091s] Level 1:colcon.colcon_core.package_identification:_identify(src) by extensions ['colcon_meta']
[0.091s] Level 1:colcon.colcon_core.package_identification:_identify(src) by extension 'colcon_meta'
[0.091s] Level 1:colcon.colcon_core.package_identification:_identify(src) by extensions ['ros']
[0.091s] Level 1:colcon.colcon_core.package_identification:_identify(src) by extension 'ros'
[0.091s] Level 1:colcon.colcon_core.package_identification:_identify(src) by extensions ['cmake', 'python']
[0.091s] Level 1:colcon.colcon_core.package_identification:_identify(src) by extension 'cmake'
[0.091s] Level 1:colcon.colcon_core.package_identification:_identify(src) by extension 'python'
[0.092s] Level 1:colcon.colcon_core.package_identification:_identify(src) by extensions ['python_setup_py']
[0.092s] Level 1:colcon.colcon_core.package_identification:_identify(src) by extension 'python_setup_py'
[0.093s] Level 1:colcon.colcon_core.package_identification:_identify(src/day1) by extensions ['ignore', 'ignore_ament_install']
[0.093s] Level 1:colcon.colcon_core.package_identification:_identify(src/day1) by extension 'ignore'
[0.093s] Level 1:colcon.colcon_core.package_identification:_identify(src/day1) by extension 'ignore_ament_install'
[0.093s] Level 1:colcon.colcon_core.package_identification:_identify(src/day1) by extensions ['colcon_pkg']
[0.093s] Level 1:colcon.colcon_core.package_identification:_identify(src/day1) by extension 'colcon_pkg'
[0.093s] Level 1:colcon.colcon_core.package_identification:_identify(src/day1) by extensions ['colcon_meta']
[0.093s] Level 1:colcon.colcon_core.package_identification:_identify(src/day1) by extension 'colcon_meta'
[0.093s] Level 1:colcon.colcon_core.package_identification:_identify(src/day1) by extensions ['ros']
[0.093s] Level 1:colcon.colcon_core.package_identification:_identify(src/day1) by extension 'ros'
[0.094s] DEBUG:colcon.colcon_core.package_identification:Package 'src/day1' with type 'ros.ament_cmake' and name 'day1'
[0.095s] Level 1:colcon.colcon_core.package_identification:_identify(src/day2) by extensions ['ignore', 'ignore_ament_install']
[0.095s] Level 1:colcon.colcon_core.package_identification:_identify(src/day2) by extension 'ignore'
[0.095s] Level 1:colcon.colcon_core.package_identification:_identify(src/day2) by extension 'ignore_ament_install'
[0.095s] Level 1:colcon.colcon_core.package_identification:_identify(src/day2) by extensions ['colcon_pkg']
[0.095s] Level 1:colcon.colcon_core.package_identification:_identify(src/day2) by extension 'colcon_pkg'
[0.095s] Level 1:colcon.colcon_core.package_identification:_identify(src/day2) by extensions ['colcon_meta']
[0.095s] Level 1:colcon.colcon_core.package_identification:_identify(src/day2) by extension 'colcon_meta'
[0.095s] Level 1:colcon.colcon_core.package_identification:_identify(src/day2) by extensions ['ros']
[0.095s] Level 1:colcon.colcon_core.package_identification:_identify(src/day2) by extension 'ros'
[0.096s] DEBUG:colcon.colcon_core.package_identification:Package 'src/day2' with type 'ros.ament_cmake' and name 'day2'
[0.096s] Level 1:colcon.colcon_core.package_identification:_identify(src/day2_2) by extensions ['ignore', 'ignore_ament_install']
[0.097s] Level 1:colcon.colcon_core.package_identification:_identify(src/day2_2) by extension 'ignore'
[0.097s] Level 1:colcon.colcon_core.package_identification:_identify(src/day2_2) by extension 'ignore_ament_install'
[0.097s] Level 1:colcon.colcon_core.package_identification:_identify(src/day2_2) by extensions ['colcon_pkg']
[0.097s] Level 1:colcon.colcon_core.package_identification:_identify(src/day2_2) by extension 'colcon_pkg'
[0.097s] Level 1:colcon.colcon_core.package_identification:_identify(src/day2_2) by extensions ['colcon_meta']
[0.097s] Level 1:colcon.colcon_core.package_identification:_identify(src/day2_2) by extension 'colcon_meta'
[0.097s] Level 1:colcon.colcon_core.package_identification:_identify(src/day2_2) by extensions ['ros']
[0.097s] Level 1:colcon.colcon_core.package_identification:_identify(src/day2_2) by extension 'ros'
[0.097s] DEBUG:colcon.colcon_core.package_identification:Package 'src/day2_2' with type 'ros.ament_cmake' and name 'day2_2'
[0.098s] Level 1:colcon.colcon_core.package_identification:_identify(src/day5) by extensions ['ignore', 'ignore_ament_install']
[0.098s] Level 1:colcon.colcon_core.package_identification:_identify(src/day5) by extension 'ignore'
[0.098s] Level 1:colcon.colcon_core.package_identification:_identify(src/day5) by extension 'ignore_ament_install'
[0.098s] Level 1:colcon.colcon_core.package_identification:_identify(src/day5) by extensions ['colcon_pkg']
[0.098s] Level 1:colcon.colcon_core.package_identification:_identify(src/day5) by extension 'colcon_pkg'
[0.098s] Level 1:colcon.colcon_core.package_identification:_identify(src/day5) by extensions ['colcon_meta']
[0.098s] Level 1:colcon.colcon_core.package_identification:_identify(src/day5) by extension 'colcon_meta'
[0.098s] Level 1:colcon.colcon_core.package_identification:_identify(src/day5) by extensions ['ros']
[0.098s] Level 1:colcon.colcon_core.package_identification:_identify(src/day5) by extension 'ros'
[0.099s] DEBUG:colcon.colcon_core.package_identification:Package 'src/day5' with type 'ros.ament_cmake' and name 'day5'
[0.099s] Level 1:colcon.colcon_core.package_identification:_identify(src/day6) by extensions ['ignore', 'ignore_ament_install']
[0.099s] Level 1:colcon.colcon_core.package_identification:_identify(src/day6) by extension 'ignore'
[0.099s] Level 1:colcon.colcon_core.package_identification:_identify(src/day6) by extension 'ignore_ament_install'
[0.099s] Level 1:colcon.colcon_core.package_identification:_identify(src/day6) by extensions ['colcon_pkg']
[0.099s] Level 1:colcon.colcon_core.package_identification:_identify(src/day6) by extension 'colcon_pkg'
[0.099s] Level 1:colcon.colcon_core.package_identification:_identify(src/day6) by extensions ['colcon_meta']
[0.099s] Level 1:colcon.colcon_core.package_identification:_identify(src/day6) by extension 'colcon_meta'
[0.099s] Level 1:colcon.colcon_core.package_identification:_identify(src/day6) by extensions ['ros']
[0.099s] Level 1:colcon.colcon_core.package_identification:_identify(src/day6) by extension 'ros'
[0.100s] DEBUG:colcon.colcon_core.package_identification:Package 'src/day6' with type 'ros.ament_cmake' and name 'day6'
[0.101s] Level 1:colcon.colcon_core.package_identification:_identify(src/day7) by extensions ['ignore', 'ignore_ament_install']
[0.101s] Level 1:colcon.colcon_core.package_identification:_identify(src/day7) by extension 'ignore'
[0.101s] Level 1:colcon.colcon_core.package_identification:_identify(src/day7) by extension 'ignore_ament_install'
[0.101s] Level 1:colcon.colcon_core.package_identification:_identify(src/day7) by extensions ['colcon_pkg']
[0.101s] Level 1:colcon.colcon_core.package_identification:_identify(src/day7) by extension 'colcon_pkg'
[0.101s] Level 1:colcon.colcon_core.package_identification:_identify(src/day7) by extensions ['colcon_meta']
[0.101s] Level 1:colcon.colcon_core.package_identification:_identify(src/day7) by extension 'colcon_meta'
[0.101s] Level 1:colcon.colcon_core.package_identification:_identify(src/day7) by extensions ['ros']
[0.101s] Level 1:colcon.colcon_core.package_identification:_identify(src/day7) by extension 'ros'
[0.102s] DEBUG:colcon.colcon_core.package_identification:Package 'src/day7' with type 'ros.ament_cmake' and name 'day7'
[0.102s] Level 1:colcon.colcon_core.package_identification:_identify(src/day8) by extensions ['ignore', 'ignore_ament_install']
[0.102s] Level 1:colcon.colcon_core.package_identification:_identify(src/day8) by extension 'ignore'
[0.102s] Level 1:colcon.colcon_core.package_identification:_identify(src/day8) by extension 'ignore_ament_install'
[0.102s] Level 1:colcon.colcon_core.package_identification:_identify(src/day8) by extensions ['colcon_pkg']
[0.102s] Level 1:colcon.colcon_core.package_identification:_identify(src/day8) by extension 'colcon_pkg'
[0.102s] Level 1:colcon.colcon_core.package_identification:_identify(src/day8) by extensions ['colcon_meta']
[0.102s] Level 1:colcon.colcon_core.package_identification:_identify(src/day8) by extension 'colcon_meta'
[0.102s] Level 1:colcon.colcon_core.package_identification:_identify(src/day8) by extensions ['ros']
[0.102s] Level 1:colcon.colcon_core.package_identification:_identify(src/day8) by extension 'ros'
[0.103s] DEBUG:colcon.colcon_core.package_identification:Package 'src/day8' with type 'ros.ament_cmake' and name 'day8'
[0.103s] Level 1:colcon.colcon_core.package_identification:_identify(src/repeat_1_4) by extensions ['ignore', 'ignore_ament_install']
[0.103s] Level 1:colcon.colcon_core.package_identification:_identify(src/repeat_1_4) by extension 'ignore'
[0.103s] Level 1:colcon.colcon_core.package_identification:_identify(src/repeat_1_4) by extension 'ignore_ament_install'
[0.103s] Level 1:colcon.colcon_core.package_identification:_identify(src/repeat_1_4) by extensions ['colcon_pkg']
[0.103s] Level 1:colcon.colcon_core.package_identification:_identify(src/repeat_1_4) by extension 'colcon_pkg'
[0.103s] Level 1:colcon.colcon_core.package_identification:_identify(src/repeat_1_4) by extensions ['colcon_meta']
[0.103s] Level 1:colcon.colcon_core.package_identification:_identify(src/repeat_1_4) by extension 'colcon_meta'
[0.103s] Level 1:colcon.colcon_core.package_identification:_identify(src/repeat_1_4) by extensions ['ros']
[0.103s] Level 1:colcon.colcon_core.package_identification:_identify(src/repeat_1_4) by extension 'ros'
[0.104s] DEBUG:colcon.colcon_core.package_identification:Package 'src/repeat_1_4' with type 'ros.ament_cmake' and name 'repeat_1_4'
[0.104s] Level 1:colcon.colcon_core.package_discovery:discover_packages(recursive) using defaults
[0.104s] Level 1:colcon.colcon_core.package_discovery:discover_packages(ignore) discover
[0.104s] Level 1:colcon.colcon_core.package_discovery:discover_packages(ignore) using defaults
[0.104s] Level 1:colcon.colcon_core.package_discovery:discover_packages(path) discover
[0.104s] Level 1:colcon.colcon_core.package_discovery:discover_packages(path) using defaults
[0.114s] INFO:colcon.colcon_core.package_selection:Skipping not selected package 'day1' in 'src/day1'
[0.114s] INFO:colcon.colcon_core.package_selection:Skipping not selected package 'day2' in 'src/day2'
[0.114s] INFO:colcon.colcon_core.package_selection:Skipping not selected package 'day5' in 'src/day5'
[0.114s] INFO:colcon.colcon_core.package_selection:Skipping not selected package 'day7' in 'src/day7'
[0.114s] INFO:colcon.colcon_core.package_selection:Skipping not selected package 'repeat_1_4' in 'src/repeat_1_4'
[0.114s] INFO:colcon.colcon_core.package_selection:Skipping not selected package 'day2_2' in 'src/day2_2'
[0.114s] INFO:colcon.colcon_core.package_selection:Skipping not selected package 'day6' in 'src/day6'
[0.114s] Level 1:colcon.colcon_core.package_discovery:discover_packages(prefix_path) check parameters
[0.114s] Level 1:colcon.colcon_core.package_discovery:discover_packages(prefix_path) discover
[0.115s] DEBUG:colcon.colcon_installed_package_information.package_discovery:Found 1 installed packages in /home/yalcinolgac/ros2_ws/src/day8/install
[0.115s] DEBUG:colcon.colcon_installed_package_information.package_discovery:Found 7 installed packages in /home/yalcinolgac/ros2_ws/install
[0.116s] DEBUG:colcon.colcon_installed_package_information.package_discovery:Found 497 installed packages in /opt/ros/jazzy
[0.116s] Level 1:colcon.colcon_core.package_discovery:discover_packages(prefix_path) using defaults
[0.149s] Level 5:colcon.colcon_core.verb:set package 'day8' build argument 'cmake_args' from command line to 'None'
[0.149s] Level 5:colcon.colcon_core.verb:set package 'day8' build argument 'cmake_target' from command line to 'None'
[0.150s] Level 5:colcon.colcon_core.verb:set package 'day8' build argument 'cmake_target_skip_unavailable' from command line to 'False'
[0.150s] Level 5:colcon.colcon_core.verb:set package 'day8' build argument 'cmake_clean_cache' from command line to 'False'
[0.150s] Level 5:colcon.colcon_core.verb:set package 'day8' build argument 'cmake_clean_first' from command line to 'False'
[0.150s] Level 5:colcon.colcon_core.verb:set package 'day8' build argument 'cmake_force_configure' from command line to 'False'
[0.150s] Level 5:colcon.colcon_core.verb:set package 'day8' build argument 'ament_cmake_args' from command line to 'None'
[0.150s] Level 5:colcon.colcon_core.verb:set package 'day8' build argument 'catkin_cmake_args' from command line to 'None'
[0.150s] Level 5:colcon.colcon_core.verb:set package 'day8' build argument 'catkin_skip_building_tests' from command line to 'False'
[0.150s] DEBUG:colcon.colcon_core.verb:Building package 'day8' with the following arguments: {'ament_cmake_args': None, 'build_base': '/home/yalcinolgac/ros2_ws/build/day8', 'catkin_cmake_args': None, 'catkin_skip_building_tests': False, 'cmake_args': None, 'cmake_clean_cache': False, 'cmake_clean_first': False, 'cmake_force_configure': False, 'cmake_target': None, 'cmake_target_skip_unavailable': False, 'install_base': '/home/yalcinolgac/ros2_ws/install/day8', 'merge_install': False, 'path': '/home/yalcinolgac/ros2_ws/src/day8', 'symlink_install': True, 'test_result_base': None}
[0.150s] INFO:colcon.colcon_core.executor:Executing jobs using 'parallel' executor
[0.150s] DEBUG:colcon.colcon_parallel_executor.executor.parallel:run_until_complete
[0.150s] INFO:colcon.colcon_ros.task.ament_cmake.build:Building ROS package in '/home/yalcinolgac/ros2_ws/src/day8' with build type 'ament_cmake'
[0.150s] INFO:colcon.colcon_cmake.task.cmake.build:Building CMake package in '/home/yalcinolgac/ros2_ws/src/day8'
[0.152s] INFO:colcon.colcon_core.plugin_system:Skipping extension 'colcon_core.shell.bat': Not used on non-Windows systems
[0.152s] INFO:colcon.colcon_core.shell:Skip shell extension 'powershell' for command environment: Not usable outside of PowerShell
[0.152s] DEBUG:colcon.colcon_core.shell:Skip shell extension 'dsv' for command environment
[0.158s] DEBUG:colcon.colcon_core.event_handler.log_command:Invoking command in '/home/yalcinolgac/ros2_ws/build/day8': CMAKE_PREFIX_PATH=${CMAKE_PREFIX_PATH}:/opt/ros/jazzy DEBUGINFOD_URLS=https://debuginfod.ubuntu.com /usr/bin/cmake /home/yalcinolgac/ros2_ws/src/day8 -DAMENT_CMAKE_SYMLINK_INSTALL=1 -DCMAKE_INSTALL_PREFIX=/home/yalcinolgac/ros2_ws/install/day8
[1.052s] DEBUG:colcon.colcon_core.event_handler.log_command:Invoked command in '/home/yalcinolgac/ros2_ws/build/day8' returned '0': CMAKE_PREFIX_PATH=${CMAKE_PREFIX_PATH}:/opt/ros/jazzy DEBUGINFOD_URLS=https://debuginfod.ubuntu.com /usr/bin/cmake /home/yalcinolgac/ros2_ws/src/day8 -DAMENT_CMAKE_SYMLINK_INSTALL=1 -DCMAKE_INSTALL_PREFIX=/home/yalcinolgac/ros2_ws/install/day8
[1.052s] DEBUG:colcon.colcon_core.event_handler.log_command:Invoking command in '/home/yalcinolgac/ros2_ws/build/day8': CMAKE_PREFIX_PATH=${CMAKE_PREFIX_PATH}:/opt/ros/jazzy DEBUGINFOD_URLS=https://debuginfod.ubuntu.com /usr/bin/cmake --build /home/yalcinolgac/ros2_ws/build/day8 -- -j32 -l32
[5.701s] DEBUG:colcon.colcon_core.event_handler.log_command:Invoked command in '/home/yalcinolgac/ros2_ws/build/day8' returned '0': CMAKE_PREFIX_PATH=${CMAKE_PREFIX_PATH}:/opt/ros/jazzy DEBUGINFOD_URLS=https://debuginfod.ubuntu.com /usr/bin/cmake --build /home/yalcinolgac/ros2_ws/build/day8 -- -j32 -l32
[5.706s] DEBUG:colcon.colcon_core.event_handler.log_command:Invoking command in '/home/yalcinolgac/ros2_ws/build/day8': CMAKE_PREFIX_PATH=${CMAKE_PREFIX_PATH}:/opt/ros/jazzy DEBUGINFOD_URLS=https://debuginfod.ubuntu.com /usr/bin/cmake --install /home/yalcinolgac/ros2_ws/build/day8
[5.887s] Level 1:colcon.colcon_core.environment:create_environment_scripts_only(day8)
[5.887s] DEBUG:colcon.colcon_core.event_handler.log_command:Invoked command in '/home/yalcinolgac/ros2_ws/build/day8' returned '0': CMAKE_PREFIX_PATH=${CMAKE_PREFIX_PATH}:/opt/ros/jazzy DEBUGINFOD_URLS=https://debuginfod.ubuntu.com /usr/bin/cmake --install /home/yalcinolgac/ros2_ws/build/day8
[5.888s] Level 1:colcon.colcon_core.environment:checking '/home/yalcinolgac/ros2_ws/install/day8' for CMake module files
[5.889s] Level 1:colcon.colcon_core.environment:checking '/home/yalcinolgac/ros2_ws/install/day8' for CMake config files
[5.889s] Level 1:colcon.colcon_core.shell:create_environment_hook('day8', 'cmake_prefix_path')
[5.889s] INFO:colcon.colcon_core.shell:Creating environment hook '/home/yalcinolgac/ros2_ws/install/day8/share/day8/hook/cmake_prefix_path.ps1'
[5.889s] INFO:colcon.colcon_core.shell:Creating environment descriptor '/home/yalcinolgac/ros2_ws/install/day8/share/day8/hook/cmake_prefix_path.dsv'
[5.889s] INFO:colcon.colcon_core.shell:Creating environment hook '/home/yalcinolgac/ros2_ws/install/day8/share/day8/hook/cmake_prefix_path.sh'
[5.890s] Level 1:colcon.colcon_core.environment:checking '/home/yalcinolgac/ros2_ws/install/day8/lib'
[5.890s] Level 1:colcon.colcon_core.environment:checking '/home/yalcinolgac/ros2_ws/install/day8/bin'
[5.890s] Level 1:colcon.colcon_core.environment:checking '/home/yalcinolgac/ros2_ws/install/day8/lib/pkgconfig/day8.pc'
[5.890s] Level 1:colcon.colcon_core.environment:checking '/home/yalcinolgac/ros2_ws/install/day8/lib/python3.12/site-packages'
[5.890s] Level 1:colcon.colcon_core.shell:create_environment_hook('day8', 'pythonpath')
[5.890s] INFO:colcon.colcon_core.shell:Creating environment hook '/home/yalcinolgac/ros2_ws/install/day8/share/day8/hook/pythonpath.ps1'
[5.890s] INFO:colcon.colcon_core.shell:Creating environment descriptor '/home/yalcinolgac/ros2_ws/install/day8/share/day8/hook/pythonpath.dsv'
[5.891s] INFO:colcon.colcon_core.shell:Creating environment hook '/home/yalcinolgac/ros2_ws/install/day8/share/day8/hook/pythonpath.sh'
[5.891s] Level 1:colcon.colcon_core.environment:checking '/home/yalcinolgac/ros2_ws/install/day8/bin'
[5.891s] INFO:colcon.colcon_core.shell:Creating package script '/home/yalcinolgac/ros2_ws/install/day8/share/day8/package.ps1'
[5.891s] INFO:colcon.colcon_core.shell:Creating package descriptor '/home/yalcinolgac/ros2_ws/install/day8/share/day8/package.dsv'
[5.891s] INFO:colcon.colcon_core.shell:Creating package script '/home/yalcinolgac/ros2_ws/install/day8/share/day8/package.sh'
[5.892s] INFO:colcon.colcon_core.shell:Creating package script '/home/yalcinolgac/ros2_ws/install/day8/share/day8/package.bash'
[5.892s] INFO:colcon.colcon_core.shell:Creating package script '/home/yalcinolgac/ros2_ws/install/day8/share/day8/package.zsh'
[5.892s] Level 1:colcon.colcon_core.environment:create_file_with_runtime_dependencies(/home/yalcinolgac/ros2_ws/install/day8/share/colcon-core/packages/day8)
[5.893s] Level 1:colcon.colcon_core.environment:create_environment_scripts_only(day8)
[5.893s] Level 1:colcon.colcon_core.environment:checking '/home/yalcinolgac/ros2_ws/install/day8' for CMake module files
[5.893s] Level 1:colcon.colcon_core.environment:checking '/home/yalcinolgac/ros2_ws/install/day8' for CMake config files
[5.893s] Level 1:colcon.colcon_core.shell:create_environment_hook('day8', 'cmake_prefix_path')
[5.893s] INFO:colcon.colcon_core.shell:Creating environment hook '/home/yalcinolgac/ros2_ws/install/day8/share/day8/hook/cmake_prefix_path.ps1'
[5.894s] INFO:colcon.colcon_core.shell:Creating environment descriptor '/home/yalcinolgac/ros2_ws/install/day8/share/day8/hook/cmake_prefix_path.dsv'
[5.894s] INFO:colcon.colcon_core.shell:Creating environment hook '/home/yalcinolgac/ros2_ws/install/day8/share/day8/hook/cmake_prefix_path.sh'
[5.894s] Level 1:colcon.colcon_core.environment:checking '/home/yalcinolgac/ros2_ws/install/day8/lib'
[5.894s] Level 1:colcon.colcon_core.environment:checking '/home/yalcinolgac/ros2_ws/install/day8/bin'
[5.895s] Level 1:colcon.colcon_core.environment:checking '/home/yalcinolgac/ros2_ws/install/day8/lib/pkgconfig/day8.pc'
[5.895s] Level 1:colcon.colcon_core.environment:checking '/home/yalcinolgac/ros2_ws/install/day8/lib/python3.12/site-packages'
[5.895s] Level 1:colcon.colcon_core.shell:create_environment_hook('day8', 'pythonpath')
[5.895s] INFO:colcon.colcon_core.shell:Creating environment hook '/home/yalcinolgac/ros2_ws/install/day8/share/day8/hook/pythonpath.ps1'
[5.895s] INFO:colcon.colcon_core.shell:Creating environment descriptor '/home/yalcinolgac/ros2_ws/install/day8/share/day8/hook/pythonpath.dsv'
[5.895s] INFO:colcon.colcon_core.shell:Creating environment hook '/home/yalcinolgac/ros2_ws/install/day8/share/day8/hook/pythonpath.sh'
[5.895s] Level 1:colcon.colcon_core.environment:checking '/home/yalcinolgac/ros2_ws/install/day8/bin'
[5.895s] INFO:colcon.colcon_core.shell:Creating package script '/home/yalcinolgac/ros2_ws/install/day8/share/day8/package.ps1'
[5.896s] INFO:colcon.colcon_core.shell:Creating package descriptor '/home/yalcinolgac/ros2_ws/install/day8/share/day8/package.dsv'
[5.896s] INFO:colcon.colcon_core.shell:Creating package script '/home/yalcinolgac/ros2_ws/install/day8/share/day8/package.sh'
[5.896s] INFO:colcon.colcon_core.shell:Creating package script '/home/yalcinolgac/ros2_ws/install/day8/share/day8/package.bash'
[5.896s] INFO:colcon.colcon_core.shell:Creating package script '/home/yalcinolgac/ros2_ws/install/day8/share/day8/package.zsh'
[5.896s] Level 1:colcon.colcon_core.environment:create_file_with_runtime_dependencies(/home/yalcinolgac/ros2_ws/install/day8/share/colcon-core/packages/day8)
[5.896s] DEBUG:colcon.colcon_parallel_executor.executor.parallel:closing loop
[5.897s] DEBUG:colcon.colcon_parallel_executor.executor.parallel:loop closed
[5.897s] DEBUG:colcon.colcon_parallel_executor.executor.parallel:run_until_complete finished with '0'
[5.897s] DEBUG:colcon.colcon_core.event_reactor:joining thread
[5.900s] INFO:colcon.colcon_core.plugin_system:Skipping extension 'colcon_notification.desktop_notification.notify_send': Could not find 'notify-send'
[5.900s] INFO:colcon.colcon_core.plugin_system:Skipping extension 'colcon_notification.desktop_notification.terminal_notifier': Not used on non-Darwin systems
[5.900s] INFO:colcon.colcon_core.plugin_system:Skipping extension 'colcon_notification.desktop_notification.win32': Not used on non-Windows systems
[5.900s] INFO:colcon.colcon_notification.desktop_notification:Sending desktop notification using 'notify2'
[5.901s] DEBUG:colcon.colcon_notification.desktop_notification.notify2:Failed to initialize notify2: org.freedesktop.DBus.Error.ServiceUnknown: The name org.freedesktop.Notifications was not provided by any .service files
[5.901s] DEBUG:colcon.colcon_core.event_reactor:joined thread
[5.901s] INFO:colcon.colcon_core.shell:Creating prefix script '/home/yalcinolgac/ros2_ws/install/local_setup.ps1'
[5.901s] INFO:colcon.colcon_core.shell:Creating prefix util module '/home/yalcinolgac/ros2_ws/install/_local_setup_util_ps1.py'
[5.902s] INFO:colcon.colcon_core.shell:Creating prefix chain script '/home/yalcinolgac/ros2_ws/install/setup.ps1'
[5.903s] INFO:colcon.colcon_core.shell:Creating prefix script '/home/yalcinolgac/ros2_ws/install/local_setup.sh'
[5.903s] INFO:colcon.colcon_core.shell:Creating prefix util module '/home/yalcinolgac/ros2_ws/install/_local_setup_util_sh.py'
[5.903s] INFO:colcon.colcon_core.shell:Creating prefix chain script '/home/yalcinolgac/ros2_ws/install/setup.sh'
[5.904s] INFO:colcon.colcon_core.shell:Creating prefix script '/home/yalcinolgac/ros2_ws/install/local_setup.bash'
[5.904s] INFO:colcon.colcon_core.shell:Creating prefix chain script '/home/yalcinolgac/ros2_ws/install/setup.bash'
[5.904s] INFO:colcon.colcon_core.shell:Creating prefix script '/home/yalcinolgac/ros2_ws/install/local_setup.zsh'
[5.904s] INFO:colcon.colcon_core.shell:Creating prefix chain script '/home/yalcinolgac/ros2_ws/install/setup.zsh'
