-- Install configuration: ""
-- Up-to-date: /home/yalcinolgac/ros2_ws/install/day7/share/day7//worlds
-- Installing: /home/yalcinolgac/ros2_ws/install/day7/share/day7//worlds/my_world.sdf
-- Up-to-date: /home/yalcinolgac/ros2_ws/install/day7/share/day7//launch
-- Up-to-date: /home/yalcinolgac/ros2_ws/install/day7/share/day7//launch/gazebo.py
-- Up-to-date: /home/yalcinolgac/ros2_ws/install/day7/share/ament_index/resource_index/package_run_dependencies/day7
-- Up-to-date: /home/yalcinolgac/ros2_ws/install/day7/share/ament_index/resource_index/parent_prefix_path/day7
-- Up-to-date: /home/yalcinolgac/ros2_ws/install/day7/share/day7/environment/ament_prefix_path.sh
-- Up-to-date: /home/yalcinolgac/ros2_ws/install/day7/share/day7/environment/ament_prefix_path.dsv
-- Up-to-date: /home/yalcinolgac/ros2_ws/install/day7/share/day7/environment/path.sh
-- Up-to-date: /home/yalcinolgac/ros2_ws/install/day7/share/day7/environment/path.dsv
-- Up-to-date: /home/yalcinolgac/ros2_ws/install/day7/share/day7/local_setup.bash
-- Up-to-date: /home/yalcinolgac/ros2_ws/install/day7/share/day7/local_setup.sh
-- Up-to-date: /home/yalcinolgac/ros2_ws/install/day7/share/day7/local_setup.zsh
-- Up-to-date: /home/yalcinolgac/ros2_ws/install/day7/share/day7/local_setup.dsv
-- Installing: /home/yalcinolgac/ros2_ws/install/day7/share/day7/package.dsv
-- Up-to-date: /home/yalcinolgac/ros2_ws/install/day7/share/ament_index/resource_index/packages/day7
-- Up-to-date: /home/yalcinolgac/ros2_ws/install/day7/share/day7/cmake/day7Config.cmake
-- Up-to-date: /home/yalcinolgac/ros2_ws/install/day7/share/day7/cmake/day7Config-version.cmake
-- Up-to-date: /home/yalcinolgac/ros2_ws/install/day7/share/day7/package.xml
