-- Found ament_cmake: 2.5.4 (/opt/ros/jazzy/share/ament_cmake/cmake)
-- Override CMake install command with custom implementation using symlinks instead of copying resources
-- Found rclcpp: 28.1.9 (/opt/ros/jazzy/share/rclcpp/cmake)
-- Found rosidl_generator_c: 4.6.5 (/opt/ros/jazzy/share/rosidl_generator_c/cmake)
-- Found rosidl_generator_cpp: 4.6.5 (/opt/ros/jazzy/share/rosidl_generator_cpp/cmake)
-- Using all available rosidl_typesupport_c: rosidl_typesupport_fastrtps_c;rosidl_typesupport_introspection_c
-- Using all available rosidl_typesupport_cpp: rosidl_typesupport_fastrtps_cpp;rosidl_typesupport_introspection_cpp
-- Found rmw_implementation_cmake: 7.3.2 (/opt/ros/jazzy/share/rmw_implementation_cmake/cmake)
-- Found rmw_fastrtps_cpp: 8.4.2 (/opt/ros/jazzy/share/rmw_fastrtps_cpp/cmake)
-- Using RMW implementation 'rmw_fastrtps_cpp' as default
-- Found rclpy: 7.1.4 (/opt/ros/jazzy/share/rclpy/cmake)
-- Found urdf: 2.10.0 (/opt/ros/jazzy/share/urdf/cmake)
-- Found xacro: 2.0.13 (/opt/ros/jazzy/share/xacro/cmake)
-- Found robot_state_publisher: 3.3.3 (/opt/ros/jazzy/share/robot_state_publisher/cmake)
-- Found ament_lint_auto: 0.17.2 (/opt/ros/jazzy/share/ament_lint_auto/cmake)
-- Added test 'copyright' to check source files copyright and LICENSE
-- Added test 'cppcheck' to perform static code analysis on C / C++ code
-- Configured cppcheck include dirs: 
-- Configured cppcheck exclude dirs and/or files: 
-- Added test 'cpplint' to check C / C++ code against the Google style
-- Configured cpplint exclude dirs and/or files: 
-- Added test 'flake8' to check Python code syntax and style conventions
-- Configured 'flake8' exclude dirs and/or files: 
-- Added test 'lint_cmake' to check CMake code style
-- Added test 'pep257' to check Python code against some of the docstring style conventions in PEP 257
-- Added test 'uncrustify' to check C / C++ code style
-- Configured uncrustify additional arguments: 
-- Added test 'xmllint' to check XML markup files
-- Configuring done (0.5s)
-- Generating done (0.0s)
-- Build files have been written to: /home/yalcinolgac/ros2_ws/src/day8/build/day8
[ 50%] [32mBuilding CXX object CMakeFiles/simple_robot_controller_cpp.dir/src/simple_robot_controller.cpp.o[0m
[ 50%] Built target ament_cmake_python_symlink_day8
running egg_info
creating day8.egg-info
writing day8.egg-info/PKG-INFO
writing dependency_links to day8.egg-info/dependency_links.txt
writing top-level names to day8.egg-info/top_level.txt
writing manifest file 'day8.egg-info/SOURCES.txt'
reading manifest file 'day8.egg-info/SOURCES.txt'
writing manifest file 'day8.egg-info/SOURCES.txt'
[ 50%] Built target ament_cmake_python_build_day8_egg
[100%] [32m[1mLinking CXX executable simple_robot_controller_cpp[0m
[100%] Built target simple_robot_controller_cpp
-- Install configuration: ""
-- Execute custom install script
-- Symlinking: /home/yalcinolgac/ros2_ws/src/day8/install/day8/lib/day8/simple_robot_controller_cpp
-- Symlinking: /home/yalcinolgac/ros2_ws/src/day8/install/day8/share/day8/environment/pythonpath.sh
-- Symlinking: /home/yalcinolgac/ros2_ws/src/day8/install/day8/share/day8/environment/pythonpath.dsv
-- Symlinking: /home/yalcinolgac/ros2_ws/src/day8/install/day8/lib/python3.12/site-packages/day8-1.0.0-py3.12.egg-info/PKG-INFO
-- Symlinking: /home/yalcinolgac/ros2_ws/src/day8/install/day8/lib/python3.12/site-packages/day8-1.0.0-py3.12.egg-info/SOURCES.txt
-- Symlinking: /home/yalcinolgac/ros2_ws/src/day8/install/day8/lib/python3.12/site-packages/day8-1.0.0-py3.12.egg-info/dependency_links.txt
-- Symlinking: /home/yalcinolgac/ros2_ws/src/day8/install/day8/lib/python3.12/site-packages/day8-1.0.0-py3.12.egg-info/top_level.txt
-- Symlinking: /home/yalcinolgac/ros2_ws/src/day8/install/day8/lib/python3.12/site-packages/day8/__init__.py
-- Symlinking: /home/yalcinolgac/ros2_ws/src/day8/install/day8/lib/python3.12/site-packages/day8/simple_robot_controller.py
-- Symlinking: /home/yalcinolgac/ros2_ws/src/day8/install/day8/lib/day8/simple_robot_controller.py
-- Symlinking: /home/yalcinolgac/ros2_ws/src/day8/install/day8/share/ament_index/resource_index/package_run_dependencies/day8
-- Symlinking: /home/yalcinolgac/ros2_ws/src/day8/install/day8/share/ament_index/resource_index/parent_prefix_path/day8
-- Symlinking: /home/yalcinolgac/ros2_ws/src/day8/install/day8/share/day8/environment/ament_prefix_path.sh
-- Symlinking: /home/yalcinolgac/ros2_ws/src/day8/install/day8/share/day8/environment/ament_prefix_path.dsv
-- Symlinking: /home/yalcinolgac/ros2_ws/src/day8/install/day8/share/day8/environment/path.sh
-- Symlinking: /home/yalcinolgac/ros2_ws/src/day8/install/day8/share/day8/environment/path.dsv
-- Symlinking: /home/yalcinolgac/ros2_ws/src/day8/install/day8/share/day8/local_setup.bash
-- Symlinking: /home/yalcinolgac/ros2_ws/src/day8/install/day8/share/day8/local_setup.sh
-- Symlinking: /home/yalcinolgac/ros2_ws/src/day8/install/day8/share/day8/local_setup.zsh
-- Symlinking: /home/yalcinolgac/ros2_ws/src/day8/install/day8/share/day8/local_setup.dsv
-- Symlinking: /home/yalcinolgac/ros2_ws/src/day8/install/day8/share/day8/package.dsv
-- Symlinking: /home/yalcinolgac/ros2_ws/src/day8/install/day8/share/ament_index/resource_index/packages/day8
-- Symlinking: /home/yalcinolgac/ros2_ws/src/day8/install/day8/share/day8/cmake/day8Config.cmake
-- Symlinking: /home/yalcinolgac/ros2_ws/src/day8/install/day8/share/day8/cmake/day8Config-version.cmake
-- Symlinking: /home/yalcinolgac/ros2_ws/src/day8/install/day8/share/day8/package.xml
Listing '/home/yalcinolgac/ros2_ws/src/day8/install/day8/lib/python3.12/site-packages/day8'...
Compiling '/home/yalcinolgac/ros2_ws/src/day8/install/day8/lib/python3.12/site-packages/day8/__init__.py'...
Compiling '/home/yalcinolgac/ros2_ws/src/day8/install/day8/lib/python3.12/site-packages/day8/simple_robot_controller.py'...
-- Installing: /home/yalcinolgac/ros2_ws/src/day8/install/day8/share/day8/urdf
-- Installing: /home/yalcinolgac/ros2_ws/src/day8/install/day8/share/day8/urdf/simple_robot.urdf
-- Installing: /home/yalcinolgac/ros2_ws/src/day8/install/day8/share/day8/launch
-- Installing: /home/yalcinolgac/ros2_ws/src/day8/install/day8/share/day8/launch/controller.py
-- Installing: /home/yalcinolgac/ros2_ws/src/day8/install/day8/share/day8/launch/robot_visualization.py
-- Installing: /home/yalcinolgac/ros2_ws/src/day8/install/day8/share/day8/config
-- Installing: /home/yalcinolgac/ros2_ws/src/day8/install/day8/share/day8/rviz
-- Installing: /home/yalcinolgac/ros2_ws/src/day8/install/day8/share/day8/rviz/robot_visualization.rviz
-- Installing: /home/yalcinolgac/ros2_ws/src/day8/install/day8/share/day8/worlds
-- Installing: /home/yalcinolgac/ros2_ws/src/day8/install/day8/share/day8/meshes
