[0.006s] Invoking command in '/home/yalcinolgac/ros2_ws/src/day8/build/day8': CMAKE_PREFIX_PATH=${CMAKE_PREFIX_PATH}:/opt/ros/jazzy DEBUGINFOD_URLS=https://debuginfod.ubuntu.com /usr/bin/cmake /home/yalcinolgac/ros2_ws/src/day8 -DAMENT_CMAKE_SYMLINK_INSTALL=1 -DCMAKE_INSTALL_PREFIX=/home/yalcinolgac/ros2_ws/src/day8/install/day8
[0.015s] -- Found ament_cmake: 2.5.4 (/opt/ros/jazzy/share/ament_cmake/cmake)
[0.131s] -- Override CMake install command with custom implementation using symlinks instead of copying resources
[0.134s] -- Found rclcpp: 28.1.9 (/opt/ros/jazzy/share/rclcpp/cmake)
[0.154s] -- Found rosidl_generator_c: 4.6.5 (/opt/ros/jazzy/share/rosidl_generator_c/cmake)
[0.158s] -- Found rosidl_generator_cpp: 4.6.5 (/opt/ros/jazzy/share/rosidl_generator_cpp/cmake)
[0.164s] -- Using all available rosidl_typesupport_c: rosidl_typesupport_fastrtps_c;rosidl_typesupport_introspection_c
[0.172s] -- Using all available rosidl_typesupport_cpp: rosidl_typesupport_fastrtps_cpp;rosidl_typesupport_introspection_cpp
[0.204s] -- Found rmw_implementation_cmake: 7.3.2 (/opt/ros/jazzy/share/rmw_implementation_cmake/cmake)
[0.205s] -- Found rmw_fastrtps_cpp: 8.4.2 (/opt/ros/jazzy/share/rmw_fastrtps_cpp/cmake)
[0.241s] -- Using RMW implementation 'rmw_fastrtps_cpp' as default
[0.275s] -- Found rclpy: 7.1.4 (/opt/ros/jazzy/share/rclpy/cmake)
[0.276s] -- Found urdf: 2.10.0 (/opt/ros/jazzy/share/urdf/cmake)
[0.281s] -- Found xacro: 2.0.13 (/opt/ros/jazzy/share/xacro/cmake)
[0.281s] -- Found robot_state_publisher: 3.3.3 (/opt/ros/jazzy/share/robot_state_publisher/cmake)
[0.449s] -- Found ament_lint_auto: 0.17.2 (/opt/ros/jazzy/share/ament_lint_auto/cmake)
[0.535s] -- Added test 'copyright' to check source files copyright and LICENSE
[0.541s] -- Added test 'cppcheck' to perform static code analysis on C / C++ code
[0.541s] -- Configured cppcheck include dirs: 
[0.541s] -- Configured cppcheck exclude dirs and/or files: 
[0.544s] -- Added test 'cpplint' to check C / C++ code against the Google style
[0.544s] -- Configured cpplint exclude dirs and/or files: 
[0.545s] -- Added test 'flake8' to check Python code syntax and style conventions
[0.545s] -- Configured 'flake8' exclude dirs and/or files: 
[0.546s] -- Added test 'lint_cmake' to check CMake code style
[0.547s] -- Added test 'pep257' to check Python code against some of the docstring style conventions in PEP 257
[0.551s] -- Added test 'uncrustify' to check C / C++ code style
[0.551s] -- Configured uncrustify additional arguments: 
[0.552s] -- Added test 'xmllint' to check XML markup files
[0.554s] -- Configuring done (0.5s)
[0.563s] -- Generating done (0.0s)
[0.565s] -- Build files have been written to: /home/yalcinolgac/ros2_ws/src/day8/build/day8
[0.571s] Invoked command in '/home/yalcinolgac/ros2_ws/src/day8/build/day8' returned '0': CMAKE_PREFIX_PATH=${CMAKE_PREFIX_PATH}:/opt/ros/jazzy DEBUGINFOD_URLS=https://debuginfod.ubuntu.com /usr/bin/cmake /home/yalcinolgac/ros2_ws/src/day8 -DAMENT_CMAKE_SYMLINK_INSTALL=1 -DCMAKE_INSTALL_PREFIX=/home/yalcinolgac/ros2_ws/src/day8/install/day8
[0.571s] Invoking command in '/home/yalcinolgac/ros2_ws/src/day8/build/day8': CMAKE_PREFIX_PATH=${CMAKE_PREFIX_PATH}:/opt/ros/jazzy DEBUGINFOD_URLS=https://debuginfod.ubuntu.com /usr/bin/cmake --build /home/yalcinolgac/ros2_ws/src/day8/build/day8 -- -j32 -l32
[0.608s] [ 50%] [32mBuilding CXX object CMakeFiles/simple_robot_controller_cpp.dir/src/simple_robot_controller.cpp.o[0m
[0.608s] [ 50%] Built target ament_cmake_python_symlink_day8
[0.730s] running egg_info
[0.731s] creating day8.egg-info
[0.741s] writing day8.egg-info/PKG-INFO
[0.741s] writing dependency_links to day8.egg-info/dependency_links.txt
[0.742s] writing top-level names to day8.egg-info/top_level.txt
[0.742s] writing manifest file 'day8.egg-info/SOURCES.txt'
[0.773s] reading manifest file 'day8.egg-info/SOURCES.txt'
[0.773s] writing manifest file 'day8.egg-info/SOURCES.txt'
[0.790s] [ 50%] Built target ament_cmake_python_build_day8_egg
[5.059s] [100%] [32m[1mLinking CXX executable simple_robot_controller_cpp[0m
[5.252s] [100%] Built target simple_robot_controller_cpp
[5.259s] Invoked command in '/home/yalcinolgac/ros2_ws/src/day8/build/day8' returned '0': CMAKE_PREFIX_PATH=${CMAKE_PREFIX_PATH}:/opt/ros/jazzy DEBUGINFOD_URLS=https://debuginfod.ubuntu.com /usr/bin/cmake --build /home/yalcinolgac/ros2_ws/src/day8/build/day8 -- -j32 -l32
[5.264s] Invoking command in '/home/yalcinolgac/ros2_ws/src/day8/build/day8': CMAKE_PREFIX_PATH=${CMAKE_PREFIX_PATH}:/opt/ros/jazzy DEBUGINFOD_URLS=https://debuginfod.ubuntu.com /usr/bin/cmake --install /home/yalcinolgac/ros2_ws/src/day8/build/day8
[5.269s] -- Install configuration: ""
[5.269s] -- Execute custom install script
[5.269s] -- Symlinking: /home/yalcinolgac/ros2_ws/src/day8/install/day8/lib/day8/simple_robot_controller_cpp
[5.274s] -- Symlinking: /home/yalcinolgac/ros2_ws/src/day8/install/day8/share/day8/environment/pythonpath.sh
[5.279s] -- Symlinking: /home/yalcinolgac/ros2_ws/src/day8/install/day8/share/day8/environment/pythonpath.dsv
[5.284s] -- Symlinking: /home/yalcinolgac/ros2_ws/src/day8/install/day8/lib/python3.12/site-packages/day8-1.0.0-py3.12.egg-info/PKG-INFO
[5.290s] -- Symlinking: /home/yalcinolgac/ros2_ws/src/day8/install/day8/lib/python3.12/site-packages/day8-1.0.0-py3.12.egg-info/SOURCES.txt
[5.295s] -- Symlinking: /home/yalcinolgac/ros2_ws/src/day8/install/day8/lib/python3.12/site-packages/day8-1.0.0-py3.12.egg-info/dependency_links.txt
[5.300s] -- Symlinking: /home/yalcinolgac/ros2_ws/src/day8/install/day8/lib/python3.12/site-packages/day8-1.0.0-py3.12.egg-info/top_level.txt
[5.306s] -- Symlinking: /home/yalcinolgac/ros2_ws/src/day8/install/day8/lib/python3.12/site-packages/day8/__init__.py
[5.310s] -- Symlinking: /home/yalcinolgac/ros2_ws/src/day8/install/day8/lib/python3.12/site-packages/day8/simple_robot_controller.py
[5.316s] -- Symlinking: /home/yalcinolgac/ros2_ws/src/day8/install/day8/lib/day8/simple_robot_controller.py
[5.321s] -- Symlinking: /home/yalcinolgac/ros2_ws/src/day8/install/day8/share/ament_index/resource_index/package_run_dependencies/day8
[5.326s] -- Symlinking: /home/yalcinolgac/ros2_ws/src/day8/install/day8/share/ament_index/resource_index/parent_prefix_path/day8
[5.330s] -- Symlinking: /home/yalcinolgac/ros2_ws/src/day8/install/day8/share/day8/environment/ament_prefix_path.sh
[5.336s] -- Symlinking: /home/yalcinolgac/ros2_ws/src/day8/install/day8/share/day8/environment/ament_prefix_path.dsv
[5.340s] -- Symlinking: /home/yalcinolgac/ros2_ws/src/day8/install/day8/share/day8/environment/path.sh
[5.345s] -- Symlinking: /home/yalcinolgac/ros2_ws/src/day8/install/day8/share/day8/environment/path.dsv
[5.351s] -- Symlinking: /home/yalcinolgac/ros2_ws/src/day8/install/day8/share/day8/local_setup.bash
[5.356s] -- Symlinking: /home/yalcinolgac/ros2_ws/src/day8/install/day8/share/day8/local_setup.sh
[5.361s] -- Symlinking: /home/yalcinolgac/ros2_ws/src/day8/install/day8/share/day8/local_setup.zsh
[5.366s] -- Symlinking: /home/yalcinolgac/ros2_ws/src/day8/install/day8/share/day8/local_setup.dsv
[5.370s] -- Symlinking: /home/yalcinolgac/ros2_ws/src/day8/install/day8/share/day8/package.dsv
[5.375s] -- Symlinking: /home/yalcinolgac/ros2_ws/src/day8/install/day8/share/ament_index/resource_index/packages/day8
[5.381s] -- Symlinking: /home/yalcinolgac/ros2_ws/src/day8/install/day8/share/day8/cmake/day8Config.cmake
[5.386s] -- Symlinking: /home/yalcinolgac/ros2_ws/src/day8/install/day8/share/day8/cmake/day8Config-version.cmake
[5.391s] -- Symlinking: /home/yalcinolgac/ros2_ws/src/day8/install/day8/share/day8/package.xml
[5.425s] Listing '/home/yalcinolgac/ros2_ws/src/day8/install/day8/lib/python3.12/site-packages/day8'...
[5.425s] Compiling '/home/yalcinolgac/ros2_ws/src/day8/install/day8/lib/python3.12/site-packages/day8/__init__.py'...
[5.425s] Compiling '/home/yalcinolgac/ros2_ws/src/day8/install/day8/lib/python3.12/site-packages/day8/simple_robot_controller.py'...
[5.428s] -- Installing: /home/yalcinolgac/ros2_ws/src/day8/install/day8/share/day8/urdf
[5.428s] -- Installing: /home/yalcinolgac/ros2_ws/src/day8/install/day8/share/day8/urdf/simple_robot.urdf
[5.429s] -- Installing: /home/yalcinolgac/ros2_ws/src/day8/install/day8/share/day8/launch
[5.429s] -- Installing: /home/yalcinolgac/ros2_ws/src/day8/install/day8/share/day8/launch/controller.py
[5.430s] -- Installing: /home/yalcinolgac/ros2_ws/src/day8/install/day8/share/day8/launch/robot_visualization.py
[5.430s] -- Installing: /home/yalcinolgac/ros2_ws/src/day8/install/day8/share/day8/config
[5.431s] -- Installing: /home/yalcinolgac/ros2_ws/src/day8/install/day8/share/day8/rviz
[5.431s] -- Installing: /home/yalcinolgac/ros2_ws/src/day8/install/day8/share/day8/rviz/robot_visualization.rviz
[5.431s] -- Installing: /home/yalcinolgac/ros2_ws/src/day8/install/day8/share/day8/worlds
[5.431s] -- Installing: /home/yalcinolgac/ros2_ws/src/day8/install/day8/share/day8/meshes
[5.432s] Invoked command in '/home/yalcinolgac/ros2_ws/src/day8/build/day8' returned '0': CMAKE_PREFIX_PATH=${CMAKE_PREFIX_PATH}:/opt/ros/jazzy DEBUGINFOD_URLS=https://debuginfod.ubuntu.com /usr/bin/cmake --install /home/yalcinolgac/ros2_ws/src/day8/build/day8
