[0.011s] Invoking command in '/home/yalcinolgac/ros2_ws/build/day5': CMAKE_PREFIX_PATH=${CMAKE_PREFIX_PATH}:/opt/ros/jazzy DEBUGINFOD_URLS=https://debuginfod.ubuntu.com /usr/bin/cmake /home/yalcinolgac/ros2_ws/src/day5 -DCMAKE_INSTALL_PREFIX=/home/yalcinolgac/ros2_ws/install/day5
[0.048s] -- Found ament_cmake: 2.5.4 (/opt/ros/jazzy/share/ament_cmake/cmake)
[0.185s] -- Found rclcpp: 28.1.9 (/opt/ros/jazzy/share/rclcpp/cmake)
[0.230s] -- Found rosidl_generator_c: 4.6.5 (/opt/ros/jazzy/share/rosidl_generator_c/cmake)
[0.238s] -- Found rosidl_generator_cpp: 4.6.5 (/opt/ros/jazzy/share/rosidl_generator_cpp/cmake)
[0.250s] -- Using all available rosidl_typesupport_c: rosidl_typesupport_fastrtps_c;rosidl_typesupport_introspection_c
[0.262s] -- Using all available rosidl_typesupport_cpp: rosidl_typesupport_fastrtps_cpp;rosidl_typesupport_introspection_cpp
[0.311s] -- Found rmw_implementation_cmake: 7.3.2 (/opt/ros/jazzy/share/rmw_implementation_cmake/cmake)
[0.313s] -- Found rmw_fastrtps_cpp: 8.4.2 (/opt/ros/jazzy/share/rmw_fastrtps_cpp/cmake)
[0.363s] -- Using RMW implementation 'rmw_fastrtps_cpp' as default
[0.419s] -- Found std_msgs: 5.3.6 (/opt/ros/jazzy/share/std_msgs/cmake)
[0.431s] -- Found geometry_msgs: 5.3.6 (/opt/ros/jazzy/share/geometry_msgs/cmake)
[0.444s] -- Found rclcpp_components: 28.1.9 (/opt/ros/jazzy/share/rclcpp_components/cmake)
[0.470s] -- Found ament_lint_auto: 0.17.2 (/opt/ros/jazzy/share/ament_lint_auto/cmake)
[0.532s] -- Added test 'copyright' to check source files copyright and LICENSE
[0.532s] -- Added test 'cppcheck' to perform static code analysis on C / C++ code
[0.532s] -- Configured cppcheck include dirs: 
[0.532s] -- Configured cppcheck exclude dirs and/or files: 
[0.533s] -- Added test 'cpplint' to check C / C++ code against the Google style
[0.533s] -- Configured cpplint exclude dirs and/or files: 
[0.534s] -- Added test 'flake8' to check Python code syntax and style conventions
[0.534s] -- Configured 'flake8' exclude dirs and/or files: 
[0.534s] -- Added test 'lint_cmake' to check CMake code style
[0.535s] -- Added test 'pep257' to check Python code against some of the docstring style conventions in PEP 257
[0.535s] -- Added test 'uncrustify' to check C / C++ code style
[0.535s] -- Configured uncrustify additional arguments: 
[0.536s] -- Added test 'xmllint' to check XML markup files
[0.537s] -- Configuring done (0.5s)
[0.541s] [31mCMake Error at CMakeLists.txt:52 (add_executable):
[0.541s]   Cannot find source file:
[0.541s] 
[0.541s]     src/configurable_publisher.cpp
[0.541s] 
[0.541s]   Tried extensions .c .C .c++ .cc .cpp .cxx .cu .mpp .m .M .mm .ixx .cppm
[0.541s]   .ccm .cxxm .c++m .h .hh .h++ .hm .hpp .hxx .in .txx .f .F .for .f77 .f90
[0.541s]   .f95 .f03 .hip .ispc
[0.541s] 
[0.542s] [0m
[0.542s] [31mCMake Error at CMakeLists.txt:60 (add_executable):
[0.542s]   Cannot find source file:
[0.542s] 
[0.542s]     src/multi_node_example.cpp
[0.542s] 
[0.542s]   Tried extensions .c .C .c++ .cc .cpp .cxx .cu .mpp .m .M .mm .ixx .cppm
[0.542s]   .ccm .cxxm .c++m .h .hh .h++ .hm .hpp .hxx .in .txx .f .F .for .f77 .f90
[0.542s]   .f95 .f03 .hip .ispc
[0.542s] 
[0.542s] [0m
[0.542s] [31mCMake Error at CMakeLists.txt:52 (add_executable):
[0.542s]   No SOURCES given to target: configurable_publisher
[0.542s] 
[0.542s] [0m
[0.542s] [31mCMake Error at CMakeLists.txt:60 (add_executable):
[0.542s]   No SOURCES given to target: multi_node_example
[0.542s] 
[0.542s] [0m
[0.542s] [0mCMake Generate step failed.  Build files cannot be regenerated correctly.[0m
[0.550s] Invoked command in '/home/yalcinolgac/ros2_ws/build/day5' returned '1': CMAKE_PREFIX_PATH=${CMAKE_PREFIX_PATH}:/opt/ros/jazzy DEBUGINFOD_URLS=https://debuginfod.ubuntu.com /usr/bin/cmake /home/yalcinolgac/ros2_ws/src/day5 -DCMAKE_INSTALL_PREFIX=/home/yalcinolgac/ros2_ws/install/day5
